Archive member included to satisfy reference by file (symbol)

C:/ST/STM32CubeCLT_1.17.0/GNU-tools-for-STM32/bin/../lib/gcc/arm-none-eabi/12.3.1/../../../../arm-none-eabi/lib/thumb/v7e-m+fp/hard\libc_nano.a(libc_a-exit.o)
                              C:/ST/STM32CubeCLT_1.17.0/GNU-tools-for-STM32/bin/../lib/gcc/arm-none-eabi/12.3.1/../../../../arm-none-eabi/lib/thumb/v7e-m+fp/hard/crt0.o (exit)
C:/ST/STM32CubeCLT_1.17.0/GNU-tools-for-STM32/bin/../lib/gcc/arm-none-eabi/12.3.1/../../../../arm-none-eabi/lib/thumb/v7e-m+fp/hard\libc_nano.a(libc_a-findfp.o)
                              C:/ST/STM32CubeCLT_1.17.0/GNU-tools-for-STM32/bin/../lib/gcc/arm-none-eabi/12.3.1/../../../../arm-none-eabi/lib/thumb/v7e-m+fp/hard\libc_nano.a(libc_a-exit.o) (__stdio_exit_handler)
C:/ST/STM32CubeCLT_1.17.0/GNU-tools-for-STM32/bin/../lib/gcc/arm-none-eabi/12.3.1/../../../../arm-none-eabi/lib/thumb/v7e-m+fp/hard\libc_nano.a(libc_a-fwalk.o)
                              C:/ST/STM32CubeCLT_1.17.0/GNU-tools-for-STM32/bin/../lib/gcc/arm-none-eabi/12.3.1/../../../../arm-none-eabi/lib/thumb/v7e-m+fp/hard\libc_nano.a(libc_a-findfp.o) (_fwalk_sglue)
C:/ST/STM32CubeCLT_1.17.0/GNU-tools-for-STM32/bin/../lib/gcc/arm-none-eabi/12.3.1/../../../../arm-none-eabi/lib/thumb/v7e-m+fp/hard\libc_nano.a(libc_a-stdio.o)
                              C:/ST/STM32CubeCLT_1.17.0/GNU-tools-for-STM32/bin/../lib/gcc/arm-none-eabi/12.3.1/../../../../arm-none-eabi/lib/thumb/v7e-m+fp/hard\libc_nano.a(libc_a-findfp.o) (__sread)
C:/ST/STM32CubeCLT_1.17.0/GNU-tools-for-STM32/bin/../lib/gcc/arm-none-eabi/12.3.1/../../../../arm-none-eabi/lib/thumb/v7e-m+fp/hard\libc_nano.a(libc_a-memset.o)
                              C:/ST/STM32CubeCLT_1.17.0/GNU-tools-for-STM32/bin/../lib/gcc/arm-none-eabi/12.3.1/../../../../arm-none-eabi/lib/thumb/v7e-m+fp/hard/crt0.o (memset)
C:/ST/STM32CubeCLT_1.17.0/GNU-tools-for-STM32/bin/../lib/gcc/arm-none-eabi/12.3.1/../../../../arm-none-eabi/lib/thumb/v7e-m+fp/hard\libc_nano.a(libc_a-closer.o)
                              C:/ST/STM32CubeCLT_1.17.0/GNU-tools-for-STM32/bin/../lib/gcc/arm-none-eabi/12.3.1/../../../../arm-none-eabi/lib/thumb/v7e-m+fp/hard\libc_nano.a(libc_a-stdio.o) (_close_r)
C:/ST/STM32CubeCLT_1.17.0/GNU-tools-for-STM32/bin/../lib/gcc/arm-none-eabi/12.3.1/../../../../arm-none-eabi/lib/thumb/v7e-m+fp/hard\libc_nano.a(libc_a-reent.o)
                              C:/ST/STM32CubeCLT_1.17.0/GNU-tools-for-STM32/bin/../lib/gcc/arm-none-eabi/12.3.1/../../../../arm-none-eabi/lib/thumb/v7e-m+fp/hard\libc_nano.a(libc_a-closer.o) (errno)
C:/ST/STM32CubeCLT_1.17.0/GNU-tools-for-STM32/bin/../lib/gcc/arm-none-eabi/12.3.1/../../../../arm-none-eabi/lib/thumb/v7e-m+fp/hard\libc_nano.a(libc_a-impure.o)
                              C:/ST/STM32CubeCLT_1.17.0/GNU-tools-for-STM32/bin/../lib/gcc/arm-none-eabi/12.3.1/../../../../arm-none-eabi/lib/thumb/v7e-m+fp/hard\libc_nano.a(libc_a-reent.o) (_impure_ptr)
C:/ST/STM32CubeCLT_1.17.0/GNU-tools-for-STM32/bin/../lib/gcc/arm-none-eabi/12.3.1/../../../../arm-none-eabi/lib/thumb/v7e-m+fp/hard\libc_nano.a(libc_a-lseekr.o)
                              C:/ST/STM32CubeCLT_1.17.0/GNU-tools-for-STM32/bin/../lib/gcc/arm-none-eabi/12.3.1/../../../../arm-none-eabi/lib/thumb/v7e-m+fp/hard\libc_nano.a(libc_a-stdio.o) (_lseek_r)
C:/ST/STM32CubeCLT_1.17.0/GNU-tools-for-STM32/bin/../lib/gcc/arm-none-eabi/12.3.1/../../../../arm-none-eabi/lib/thumb/v7e-m+fp/hard\libc_nano.a(libc_a-readr.o)
                              C:/ST/STM32CubeCLT_1.17.0/GNU-tools-for-STM32/bin/../lib/gcc/arm-none-eabi/12.3.1/../../../../arm-none-eabi/lib/thumb/v7e-m+fp/hard\libc_nano.a(libc_a-stdio.o) (_read_r)
C:/ST/STM32CubeCLT_1.17.0/GNU-tools-for-STM32/bin/../lib/gcc/arm-none-eabi/12.3.1/../../../../arm-none-eabi/lib/thumb/v7e-m+fp/hard\libc_nano.a(libc_a-writer.o)
                              C:/ST/STM32CubeCLT_1.17.0/GNU-tools-for-STM32/bin/../lib/gcc/arm-none-eabi/12.3.1/../../../../arm-none-eabi/lib/thumb/v7e-m+fp/hard\libc_nano.a(libc_a-stdio.o) (_write_r)
C:/ST/STM32CubeCLT_1.17.0/GNU-tools-for-STM32/bin/../lib/gcc/arm-none-eabi/12.3.1/../../../../arm-none-eabi/lib/thumb/v7e-m+fp/hard\libc_nano.a(libc_a-init.o)
                              C:/ST/STM32CubeCLT_1.17.0/GNU-tools-for-STM32/bin/../lib/gcc/arm-none-eabi/12.3.1/../../../../arm-none-eabi/lib/thumb/v7e-m+fp/hard/crt0.o (__libc_init_array)
C:/ST/STM32CubeCLT_1.17.0/GNU-tools-for-STM32/bin/../lib/gcc/arm-none-eabi/12.3.1/../../../../arm-none-eabi/lib/thumb/v7e-m+fp/hard\libc_nano.a(libc_a-lock.o)
                              C:/ST/STM32CubeCLT_1.17.0/GNU-tools-for-STM32/bin/../lib/gcc/arm-none-eabi/12.3.1/../../../../arm-none-eabi/lib/thumb/v7e-m+fp/hard\libc_nano.a(libc_a-findfp.o) (__retarget_lock_init_recursive)
C:/ST/STM32CubeCLT_1.17.0/GNU-tools-for-STM32/bin/../lib/gcc/arm-none-eabi/12.3.1/../../../../arm-none-eabi/lib/thumb/v7e-m+fp/hard\libc_nano.a(libc_a-freer.o)
[...]
Memory Configuration

Name             Origin             Length             Attributes
RAM              0x20000000         0x00018000         xrw
RAM2             0x10000000         0x00008000         xrw
FLASH            0x08000000         0x00100000         xr
*default*        0x00000000         0xffffffff

Linker script and memory map

LOAD C:/ST/STM32CubeCLT_1.17.0/GNU-tools-for-STM32/bin/../lib/gcc/arm-none-eabi/12.3.1/thumb/v7e-m+fp/hard/crti.o
LOAD C:/ST/STM32CubeCLT_1.17.0/GNU-tools-for-STM32/bin/../lib/gcc/arm-none-eabi/12.3.1/thumb/v7e-m+fp/hard/crtbegin.o
LOAD C:/ST/STM32CubeCLT_1.17.0/GNU-tools-for-STM32/bin/../lib/gcc/arm-none-eabi/12.3.1/../../../../arm-none-eabi/lib/thumb/v7e-m+fp/hard/crt0.o
START GROUP
LOAD C:/ST/STM32CubeCLT_1.17.0/GNU-tools-for-STM32/bin/../lib/gcc/arm-none-eabi/12.3.1/../../../../arm-none-eabi/lib/thumb/v7e-m+fp/hard\libc_nano.a
LOAD C:/ST/STM32CubeCLT_1.17.0/GNU-tools-for-STM32/bin/../lib/gcc/arm-none-eabi/12.3.1/../../../../arm-none-eabi/lib/thumb/v7e-m+fp/hard\libm.a
END GROUP
LOAD CMakeFiles/4100901-Final_Project_2024_2.dir/Drivers/keypad/keypad.c.obj
LOAD CMakeFiles/4100901-Final_Project_2024_2.dir/Core/Src/ring_buffer.c.obj
LOAD CMakeFiles/4100901-Final_Project_2024_2.dir/Core/Src/ring_buffer_uart.c.obj
LOAD CMakeFiles/4100901-Final_Project_2024_2.dir/Core/Src/main.c.obj
LOAD CMakeFiles/4100901-Final_Project_2024_2.dir/Core/Src/stm32l4xx_it.c.obj
LOAD CMakeFiles/4100901-Final_Project_2024_2.dir/Core/Src/stm32l4xx_hal_msp.c.obj
LOAD CMakeFiles/4100901-Final_Project_2024_2.dir/Drivers/STM32L4xx_HAL_Driver/Src/stm32l4xx_hal_uart.c.obj
LOAD CMakeFiles/4100901-Final_Project_2024_2.dir/Drivers/STM32L4xx_HAL_Driver/Src/stm32l4xx_hal_uart_ex.c.obj
LOAD CMakeFiles/4100901-Final_Project_2024_2.dir/Drivers/STM32L4xx_HAL_Driver/Src/stm32l4xx_hal.c.obj
LOAD CMakeFiles/4100901-Final_Project_2024_2.dir/Drivers/STM32L4xx_HAL_Driver/Src/stm32l4xx_hal_rcc.c.obj
LOAD CMakeFiles/4100901-Final_Project_2024_2.dir/Drivers/STM32L4xx_HAL_Driver/Src/stm32l4xx_hal_rcc_ex.c.obj
LOAD CMakeFiles/4100901-Final_Project_2024_2.dir/Drivers/STM32L4xx_HAL_Driver/Src/stm32l4xx_hal_flash.c.obj
LOAD CMakeFiles/4100901-Final_Project_2024_2.dir/Drivers/STM32L4xx_HAL_Driver/Src/stm32l4xx_hal_flash_ex.c.obj
LOAD CMakeFiles/4100901-Final_Project_2024_2.dir/Drivers/STM32L4xx_HAL_Driver/Src/stm32l4xx_hal_flash_ramfunc.c.obj
LOAD CMakeFiles/4100901-Final_Project_2024_2.dir/Drivers/STM32L4xx_HAL_Driver/Src/stm32l4xx_hal_gpio.c.obj
LOAD CMakeFiles/4100901-Final_Project_2024_2.dir/Drivers/STM32L4xx_HAL_Driver/Src/stm32l4xx_hal_i2c.c.obj
LOAD CMakeFiles/4100901-Final_Project_2024_2.dir/Drivers/STM32L4xx_HAL_Driver/Src/stm32l4xx_hal_i2c_ex.c.obj
LOAD CMakeFiles/4100901-Final_Project_2024_2.dir/Drivers/STM32L4xx_HAL_Driver/Src/stm32l4xx_hal_dma.c.obj
LOAD CMakeFiles/4100901-Final_Project_2024_2.dir/Drivers/STM32L4xx_HAL_Driver/Src/stm32l4xx_hal_dma_ex.c.obj
LOAD CMakeFiles/4100901-Final_Project_2024_2.dir/Drivers/STM32L4xx_HAL_Driver/Src/stm32l4xx_hal_pwr.c.obj
LOAD CMakeFiles/4100901-Final_Project_2024_2.dir/Drivers/STM32L4xx_HAL_Driver/Src/stm32l4xx_hal_pwr_ex.c.obj
LOAD CMakeFiles/4100901-Final_Project_2024_2.dir/Drivers/STM32L4xx_HAL_Driver/Src/stm32l4xx_hal_cortex.c.obj
LOAD CMakeFiles/4100901-Final_Project_2024_2.dir/Drivers/STM32L4xx_HAL_Driver/Src/stm32l4xx_hal_exti.c.obj
LOAD CMakeFiles/4100901-Final_Project_2024_2.dir/Core/Src/system_stm32l4xx.c.obj
LOAD CMakeFiles/4100901-Final_Project_2024_2.dir/Core/Src/sysmem.c.obj
LOAD CMakeFiles/4100901-Final_Project_2024_2.dir/Core/Src/syscalls.c.obj
LOAD CMakeFiles/4100901-Final_Project_2024_2.dir/startup_stm32l476xx.s.obj
START GROUP
LOAD C:/ST/STM32CubeCLT_1.17.0/GNU-tools-for-STM32/bin/../lib/gcc/arm-none-eabi/12.3.1/thumb/v7e-m+fp/hard\libgcc.a
LOAD C:/ST/STM32CubeCLT_1.17.0/GNU-tools-for-STM32/bin/../lib/gcc/arm-none-eabi/12.3.1/../../../../arm-none-eabi/lib/thumb/v7e-m+fp/hard\libg_nano.a
LOAD C:/ST/STM32CubeCLT_1.17.0/GNU-tools-for-STM32/bin/../lib/gcc/arm-none-eabi/12.3.1/../../../../arm-none-eabi/lib/thumb/v7e-m+fp/hard\libc_nano.a
END GROUP
START GROUP
LOAD C:/ST/STM32CubeCLT_1.17.0/GNU-tools-for-STM32/bin/../lib/gcc/arm-none-eabi/12.3.1/thumb/v7e-m+fp/hard\libgcc.a
LOAD C:/ST/STM32CubeCLT_1.17.0/GNU-tools-for-STM32/bin/../lib/gcc/arm-none-eabi/12.3.1/../../../../arm-none-eabi/lib/thumb/v7e-m+fp/hard\libc_nano.a
END GROUP
LOAD C:/ST/STM32CubeCLT_1.17.0/GNU-tools-for-STM32/bin/../lib/gcc/arm-none-eabi/12.3.1/thumb/v7e-m+fp/hard/crtend.o
LOAD C:/ST/STM32CubeCLT_1.17.0/GNU-tools-for-STM32/bin/../lib/gcc/arm-none-eabi/12.3.1/thumb/v7e-m+fp/hard/crtn.o
                0x20018000                        _estack = (ORIGIN (RAM) + LENGTH (RAM))
                0x00000200                        _Min_Heap_Size = 0x200
                0x00000400                        _Min_Stack_Size = 0x400

.isr_vector     0x08000000      0x188
                0x08000000                        . = ALIGN (0x8)
 *(.isr_vector)
 .isr_vector    0x08000000      0x188 CMakeFiles/4100901-Final_Project_2024_2.dir/startup_stm32l476xx.s.obj
                0x08000000                g_pfnVectors
                0x08000188                        . = ALIGN (0x8)

.text           0x08000188     0x47b8
                0x08000188                        . = ALIGN (0x8)
 *(.text)
 .text          0x08000188       0x40 C:/ST/STM32CubeCLT_1.17.0/GNU-tools-for-STM32/bin/../lib/gcc/arm-none-eabi/12.3.1/thumb/v7e-m+fp/hard/crtbegin.o
 .text          0x080001c8       0x30 C:/ST/STM32CubeCLT_1.17.0/GNU-tools-for-STM32/bin/../lib/gcc/arm-none-eabi/12.3.1/thumb/v7e-m+fp/hard\libgcc.a(_aeabi_uldivmod.o)
                0x080001c8                __aeabi_uldivmod
 .text          0x080001f8      0x2bc C:/ST/STM32CubeCLT_1.17.0/GNU-tools-for-STM32/bin/../lib/gcc/arm-none-eabi/12.3.1/thumb/v7e-m+fp/hard\libgcc.a(_udivmoddi4.o)
                0x080001f8                __udivmoddi4
 .text          0x080004b4        0x4 C:/ST/STM32CubeCLT_1.17.0/GNU-tools-for-STM32/bin/../lib/gcc/arm-none-eabi/12.3.1/thumb/v7e-m+fp/hard\libgcc.a(_dvmd_tls.o)
                0x080004b4                __aeabi_idiv0
                0x080004b4                __aeabi_ldiv0
 .text          0x080004b8       0x14 C:/ST/STM32CubeCLT_1.17.0/GNU-tools-for-STM32/bin/../lib/gcc/arm-none-eabi/12.3.1/../../../../arm-none-eabi/lib/thumb/v7e-m+fp/hard\libg_nano.a(libc_a-strcmp.o)
                0x080004b8                strcmp
 .text          0x080004cc       0x10 C:/ST/STM32CubeCLT_1.17.0/GNU-tools-for-STM32/bin/../lib/gcc/arm-none-eabi/12.3.1/../../../../arm-none-eabi/lib/thumb/v7e-m+fp/hard\libg_nano.a(libc_a-strlen.o)
                0x080004cc                strlen
 *(.text*)
 .text.memset   0x080004dc       0x10 C:/ST/STM32CubeCLT_1.17.0/GNU-tools-for-STM32/bin/../lib/gcc/arm-none-eabi/12.3.1/../../../../arm-none-eabi/lib/thumb/v7e-m+fp/hard\libc_nano.a(libc_a-memset.o)
                0x080004dc                memset
 .text.__libc_init_array
                0x080004ec       0x48 C:/ST/STM32CubeCLT_1.17.0/GNU-tools-for-STM32/bin/../lib/gcc/arm-none-eabi/12.3.1/../../../../arm-none-eabi/lib/thumb/v7e-m+fp/hard\libc_nano.a(libc_a-init.o)
                0x080004ec                __libc_init_array
 .text.keypad_init
                0x08000534       0x38 CMakeFiles/4100901-Final_Project_2024_2.dir/Drivers/keypad/keypad.c.obj
                0x08000534                keypad_init
 .text.keypad_scan
                0x0800056c      0x43c CMakeFiles/4100901-Final_Project_2024_2.dir/Drivers/keypad/keypad.c.obj
                0x0800056c                keypad_scan
 .text.ring_buffer_init
                0x080009a8       0x38 CMakeFiles/4100901-Final_Project_2024_2.dir/Core/Src/ring_buffer.c.obj
                0x080009a8                ring_buffer_init
 .text.ring_buffer_reset
                0x080009e0       0x2a CMakeFiles/4100901-Final_Project_2024_2.dir/Core/Src/ring_buffer.c.obj
                0x080009e0                ring_buffer_reset
 .text.ring_buffer_is_empty
                0x08000a0a       0x30 CMakeFiles/4100901-Final_Project_2024_2.dir/Core/Src/ring_buffer.c.obj
                0x08000a0a                ring_buffer_is_empty
 .text.ring_buffer_write
                0x08000a3a       0x7a CMakeFiles/4100901-Final_Project_2024_2.dir/Core/Src/ring_buffer.c.obj
                0x08000a3a                ring_buffer_write
 .text.ring_buffer_read
                0x08000ab4       0x54 CMakeFiles/4100901-Final_Project_2024_2.dir/Core/Src/ring_buffer.c.obj
                0x08000ab4                ring_buffer_read
 .text.HAL_GPIO_EXTI_Callback
                0x08000b08       0x4c CMakeFiles/4100901-Final_Project_2024_2.dir/Core/Src/main.c.obj
                0x08000b08                HAL_GPIO_EXTI_Callback
 .text.check_password
                0x08000b54       0x28 CMakeFiles/4100901-Final_Project_2024_2.dir/Core/Src/main.c.obj
                0x08000b54                check_password
 .text.HAL_UART_RxCpltCallback
                0x08000b7c       0x48 CMakeFiles/4100901-Final_Project_2024_2.dir/Core/Src/main.c.obj
                0x08000b7c                HAL_UART_RxCpltCallback
 .text.uart_send_string
                0x08000bc4       0x28 CMakeFiles/4100901-Final_Project_2024_2.dir/Core/Src/main.c.obj
                0x08000bc4                uart_send_string
 .text.display_menu
                0x08000bec       0x3c CMakeFiles/4100901-Final_Project_2024_2.dir/Core/Src/main.c.obj
                0x08000bec                display_menu
 .text.process_commands
                0x08000c28      0x188 CMakeFiles/4100901-Final_Project_2024_2.dir/Core/Src/main.c.obj
                0x08000c28                process_commands
 .text.main     0x08000db0       0x98 CMakeFiles/4100901-Final_Project_2024_2.dir/Core/Src/main.c.obj
                0x08000db0                main
 .text.SystemClock_Config
                0x08000e48       0xa2 CMakeFiles/4100901-Final_Project_2024_2.dir/Core/Src/main.c.obj
                0x08000e48                SystemClock_Config
 *fill*         0x08000eea        0x2 
 .text.MX_USART2_UART_Init
                0x08000eec       0x60 CMakeFiles/4100901-Final_Project_2024_2.dir/Core/Src/main.c.obj
 .text.MX_GPIO_Init
                0x08000f4c      0x18c CMakeFiles/4100901-Final_Project_2024_2.dir/Core/Src/main.c.obj
 .text.Error_Handler
                0x080010d8        0xc CMakeFiles/4100901-Final_Project_2024_2.dir/Core/Src/main.c.obj
                0x080010d8                Error_Handler
 .text.NMI_Handler
                0x080010e4        0x8 CMakeFiles/4100901-Final_Project_2024_2.dir/Core/Src/stm32l4xx_it.c.obj
                0x080010e4                NMI_Handler
 .text.HardFault_Handler
                0x080010ec        0x8 CMakeFiles/4100901-Final_Project_2024_2.dir/Core/Src/stm32l4xx_it.c.obj
                0x080010ec                HardFault_Handler
 .text.MemManage_Handler
                0x080010f4        0x8 CMakeFiles/4100901-Final_Project_2024_2.dir/Core/Src/stm32l4xx_it.c.obj
                0x080010f4                MemManage_Handler
 .text.BusFault_Handler
                0x080010fc        0x8 CMakeFiles/4100901-Final_Project_2024_2.dir/Core/Src/stm32l4xx_it.c.obj
                0x080010fc                BusFault_Handler
 .text.UsageFault_Handler
                0x08001104        0x8 CMakeFiles/4100901-Final_Project_2024_2.dir/Core/Src/stm32l4xx_it.c.obj
                0x08001104                UsageFault_Handler
 .text.SVC_Handler
                0x0800110c        0xe CMakeFiles/4100901-Final_Project_2024_2.dir/Core/Src/stm32l4xx_it.c.obj
                0x0800110c                SVC_Handler
 .text.DebugMon_Handler
                0x0800111a        0xe CMakeFiles/4100901-Final_Project_2024_2.dir/Core/Src/stm32l4xx_it.c.obj
                0x0800111a                DebugMon_Handler
 .text.PendSV_Handler
                0x08001128        0xe CMakeFiles/4100901-Final_Project_2024_2.dir/Core/Src/stm32l4xx_it.c.obj
                0x08001128                PendSV_Handler
 .text.SysTick_Handler
                0x08001136        0xc CMakeFiles/4100901-Final_Project_2024_2.dir/Core/Src/stm32l4xx_it.c.obj
                0x08001136                SysTick_Handler
 .text.EXTI9_5_IRQHandler
                0x08001142       0x1e CMakeFiles/4100901-Final_Project_2024_2.dir/Core/Src/stm32l4xx_it.c.obj
                0x08001142                EXTI9_5_IRQHandler
 .text.USART2_IRQHandler
                0x08001160       0x14 CMakeFiles/4100901-Final_Project_2024_2.dir/Core/Src/stm32l4xx_it.c.obj
                0x08001160                USART2_IRQHandler
 .text.EXTI15_10_IRQHandler
                0x08001174       0x18 CMakeFiles/4100901-Final_Project_2024_2.dir/Core/Src/stm32l4xx_it.c.obj
                0x08001174                EXTI15_10_IRQHandler
 .text.HAL_MspInit
                0x0800118c       0x48 CMakeFiles/4100901-Final_Project_2024_2.dir/Core/Src/stm32l4xx_hal_msp.c.obj
                0x0800118c                HAL_MspInit
 .text.HAL_UART_MspInit
                0x080011d4       0xc8 CMakeFiles/4100901-Final_Project_2024_2.dir/Core/Src/stm32l4xx_hal_msp.c.obj
                0x080011d4                HAL_UART_MspInit
 .text.HAL_UART_Init
                0x0800129c       0x9c CMakeFiles/4100901-Final_Project_2024_2.dir/Drivers/STM32L4xx_HAL_Driver/Src/stm32l4xx_hal_uart.c.obj
                0x0800129c                HAL_UART_Init
 .text.HAL_UART_Transmit
                0x08001338      0x112 CMakeFiles/4100901-Final_Project_2024_2.dir/Drivers/STM32L4xx_HAL_Driver/Src/stm32l4xx_hal_uart.c.obj
                0x08001338                HAL_UART_Transmit
 *fill*         0x0800144a        0x2 
 .text.HAL_UART_Receive_IT
                0x0800144c       0x98 CMakeFiles/4100901-Final_Project_2024_2.dir/Drivers/STM32L4xx_HAL_Driver/Src/stm32l4xx_hal_uart.c.obj
                0x0800144c                HAL_UART_Receive_IT
 .text.HAL_UART_IRQHandler
                0x080014e4      0x60c CMakeFiles/4100901-Final_Project_2024_2.dir/Drivers/STM32L4xx_HAL_Driver/Src/stm32l4xx_hal_uart.c.obj
                0x080014e4                HAL_UART_IRQHandler
 .text.HAL_UART_TxCpltCallback
                0x08001af0       0x14 CMakeFiles/4100901-Final_Project_2024_2.dir/Drivers/STM32L4xx_HAL_Driver/Src/stm32l4xx_hal_uart.c.obj
                0x08001af0                HAL_UART_TxCpltCallback
 .text.HAL_UART_ErrorCallback
                0x08001b04       0x14 CMakeFiles/4100901-Final_Project_2024_2.dir/Drivers/STM32L4xx_HAL_Driver/Src/stm32l4xx_hal_uart.c.obj
                0x08001b04                HAL_UART_ErrorCallback
 .text.HAL_UARTEx_RxEventCallback
                0x08001b18       0x18 CMakeFiles/4100901-Final_Project_2024_2.dir/Drivers/STM32L4xx_HAL_Driver/Src/stm32l4xx_hal_uart.c.obj
                0x08001b18                HAL_UARTEx_RxEventCallback
 .text.UART_SetConfig
                0x08001b30      0x570 CMakeFiles/4100901-Final_Project_2024_2.dir/Drivers/STM32L4xx_HAL_Driver/Src/stm32l4xx_hal_uart.c.obj
                0x08001b30                UART_SetConfig
 .text.UART_AdvFeatureConfig
                0x080020a0      0x144 CMakeFiles/4100901-Final_Project_2024_2.dir/Drivers/STM32L4xx_HAL_Driver/Src/stm32l4xx_hal_uart.c.obj
                0x080020a0                UART_AdvFeatureConfig
 .text.UART_CheckIdleState
                0x080021e4      0x150 CMakeFiles/4100901-Final_Project_2024_2.dir/Drivers/STM32L4xx_HAL_Driver/Src/stm32l4xx_hal_uart.c.obj
                0x080021e4                UART_CheckIdleState
 .text.UART_WaitOnFlagUntilTimeout
                0x08002334       0xda CMakeFiles/4100901-Final_Project_2024_2.dir/Drivers/STM32L4xx_HAL_Driver/Src/stm32l4xx_hal_uart.c.obj
                0x08002334                UART_WaitOnFlagUntilTimeout
 *fill*         0x0800240e        0x2 
 .text.UART_Start_Receive_IT
                0x08002410      0x18c CMakeFiles/4100901-Final_Project_2024_2.dir/Drivers/STM32L4xx_HAL_Driver/Src/stm32l4xx_hal_uart.c.obj
                0x08002410                UART_Start_Receive_IT
 .text.UART_EndRxTransfer
                0x0800259c       0xc8 CMakeFiles/4100901-Final_Project_2024_2.dir/Drivers/STM32L4xx_HAL_Driver/Src/stm32l4xx_hal_uart.c.obj
 .text.UART_DMAAbortOnError
                0x08002664       0x2c CMakeFiles/4100901-Final_Project_2024_2.dir/Drivers/STM32L4xx_HAL_Driver/Src/stm32l4xx_hal_uart.c.obj
 .text.UART_EndTransmit_IT
                0x08002690       0x54 CMakeFiles/4100901-Final_Project_2024_2.dir/Drivers/STM32L4xx_HAL_Driver/Src/stm32l4xx_hal_uart.c.obj
 .text.UART_RxISR_8BIT
                0x080026e4      0x1bc CMakeFiles/4100901-Final_Project_2024_2.dir/Drivers/STM32L4xx_HAL_Driver/Src/stm32l4xx_hal_uart.c.obj
 .text.UART_RxISR_16BIT
                0x080028a0      0x1bc CMakeFiles/4100901-Final_Project_2024_2.dir/Drivers/STM32L4xx_HAL_Driver/Src/stm32l4xx_hal_uart.c.obj
 .text.HAL_UARTEx_WakeupCallback
                0x08002a5c       0x14 CMakeFiles/4100901-Final_Project_2024_2.dir/Drivers/STM32L4xx_HAL_Driver/Src/stm32l4xx_hal_uart_ex.c.obj
                0x08002a5c                HAL_UARTEx_WakeupCallback
 .text.HAL_Init
                0x08002a70       0x40 CMakeFiles/4100901-Final_Project_2024_2.dir/Drivers/STM32L4xx_HAL_Driver/Src/stm32l4xx_hal.c.obj
                0x08002a70                HAL_Init
 .text.HAL_InitTick
                0x08002ab0       0x78 CMakeFiles/4100901-Final_Project_2024_2.dir/Drivers/STM32L4xx_HAL_Driver/Src/stm32l4xx_hal.c.obj
                0x08002ab0                HAL_InitTick
 .text.HAL_IncTick
                0x08002b28       0x28 CMakeFiles/4100901-Final_Project_2024_2.dir/Drivers/STM32L4xx_HAL_Driver/Src/stm32l4xx_hal.c.obj
                0x08002b28                HAL_IncTick
 .text.HAL_GetTick
                0x08002b50       0x18 CMakeFiles/4100901-Final_Project_2024_2.dir/Drivers/STM32L4xx_HAL_Driver/Src/stm32l4xx_hal.c.obj
                0x08002b50                HAL_GetTick
 .text.HAL_RCC_OscConfig
                0x08002b68      0x7b8 CMakeFiles/4100901-Final_Project_2024_2.dir/Drivers/STM32L4xx_HAL_Driver/Src/stm32l4xx_hal_rcc.c.obj
                0x08002b68                HAL_RCC_OscConfig
 .text.HAL_RCC_ClockConfig
                0x08003320      0x200 CMakeFiles/4100901-Final_Project_2024_2.dir/Drivers/STM32L4xx_HAL_Driver/Src/stm32l4xx_hal_rcc.c.obj
                0x08003320                HAL_RCC_ClockConfig
 .text.HAL_RCC_GetSysClockFreq
                0x08003520      0x118 CMakeFiles/4100901-Final_Project_2024_2.dir/Drivers/STM32L4xx_HAL_Driver/Src/stm32l4xx_hal_rcc.c.obj
                0x08003520                HAL_RCC_GetSysClockFreq
 .text.HAL_RCC_GetHCLKFreq
                0x08003638       0x18 CMakeFiles/4100901-Final_Project_2024_2.dir/Drivers/STM32L4xx_HAL_Driver/Src/stm32l4xx_hal_rcc.c.obj
                0x08003638                HAL_RCC_GetHCLKFreq
 .text.HAL_RCC_GetPCLK1Freq
                0x08003650       0x2c CMakeFiles/4100901-Final_Project_2024_2.dir/Drivers/STM32L4xx_HAL_Driver/Src/stm32l4xx_hal_rcc.c.obj
                0x08003650                HAL_RCC_GetPCLK1Freq
 .text.HAL_RCC_GetPCLK2Freq
                0x0800367c       0x2c CMakeFiles/4100901-Final_Project_2024_2.dir/Drivers/STM32L4xx_HAL_Driver/Src/stm32l4xx_hal_rcc.c.obj
                0x0800367c                HAL_RCC_GetPCLK2Freq
 .text.RCC_SetFlashLatencyFromMSIRange
                0x080036a8       0xc0 CMakeFiles/4100901-Final_Project_2024_2.dir/Drivers/STM32L4xx_HAL_Driver/Src/stm32l4xx_hal_rcc.c.obj
 .text.HAL_RCCEx_PeriphCLKConfig
                0x08003768      0x5d4 CMakeFiles/4100901-Final_Project_2024_2.dir/Drivers/STM32L4xx_HAL_Driver/Src/stm32l4xx_hal_rcc_ex.c.obj
                0x08003768                HAL_RCCEx_PeriphCLKConfig
 .text.RCCEx_PLLSAI1_Config
                0x08003d3c      0x1e8 CMakeFiles/4100901-Final_Project_2024_2.dir/Drivers/STM32L4xx_HAL_Driver/Src/stm32l4xx_hal_rcc_ex.c.obj
 .text.RCCEx_PLLSAI2_Config
                0x08003f24      0x1bc CMakeFiles/4100901-Final_Project_2024_2.dir/Drivers/STM32L4xx_HAL_Driver/Src/stm32l4xx_hal_rcc_ex.c.obj
 .text.HAL_GPIO_Init
                0x080040e0      0x354 CMakeFiles/4100901-Final_Project_2024_2.dir/Drivers/STM32L4xx_HAL_Driver/Src/stm32l4xx_hal_gpio.c.obj
                0x080040e0                HAL_GPIO_Init
 .text.HAL_GPIO_ReadPin
                0x08004434       0x30 CMakeFiles/4100901-Final_Project_2024_2.dir/Drivers/STM32L4xx_HAL_Driver/Src/stm32l4xx_hal_gpio.c.obj
                0x08004434                HAL_GPIO_ReadPin
 .text.HAL_GPIO_WritePin
                0x08004464       0x30 CMakeFiles/4100901-Final_Project_2024_2.dir/Drivers/STM32L4xx_HAL_Driver/Src/stm32l4xx_hal_gpio.c.obj
                0x08004464                HAL_GPIO_WritePin
 .text.HAL_GPIO_EXTI_IRQHandler
                0x08004494       0x30 CMakeFiles/4100901-Final_Project_2024_2.dir/Drivers/STM32L4xx_HAL_Driver/Src/stm32l4xx_hal_gpio.c.obj
                0x08004494                HAL_GPIO_EXTI_IRQHandler
 .text.HAL_DMA_Abort
                0x080044c4       0x7c CMakeFiles/4100901-Final_Project_2024_2.dir/Drivers/STM32L4xx_HAL_Driver/Src/stm32l4xx_hal_dma.c.obj
                0x080044c4                HAL_DMA_Abort
 .text.HAL_DMA_Abort_IT
                0x08004540       0x82 CMakeFiles/4100901-Final_Project_2024_2.dir/Drivers/STM32L4xx_HAL_Driver/Src/stm32l4xx_hal_dma.c.obj
                0x08004540                HAL_DMA_Abort_IT
 *fill*         0x080045c2        0x2 
 .text.HAL_PWREx_GetVoltageRange
                0x080045c4       0x1c CMakeFiles/4100901-Final_Project_2024_2.dir/Drivers/STM32L4xx_HAL_Driver/Src/stm32l4xx_hal_pwr_ex.c.obj
                0x080045c4                HAL_PWREx_GetVoltageRange
 .text.HAL_PWREx_ControlVoltageScaling
                0x080045e0       0xac CMakeFiles/4100901-Final_Project_2024_2.dir/Drivers/STM32L4xx_HAL_Driver/Src/stm32l4xx_hal_pwr_ex.c.obj
                0x080045e0                HAL_PWREx_ControlVoltageScaling
 .text.__NVIC_SetPriorityGrouping
                0x0800468c       0x48 CMakeFiles/4100901-Final_Project_2024_2.dir/Drivers/STM32L4xx_HAL_Driver/Src/stm32l4xx_hal_cortex.c.obj
 .text.__NVIC_GetPriorityGrouping
                0x080046d4       0x1c CMakeFiles/4100901-Final_Project_2024_2.dir/Drivers/STM32L4xx_HAL_Driver/Src/stm32l4xx_hal_cortex.c.obj
 .text.__NVIC_EnableIRQ
                0x080046f0       0x3c CMakeFiles/4100901-Final_Project_2024_2.dir/Drivers/STM32L4xx_HAL_Driver/Src/stm32l4xx_hal_cortex.c.obj
 .text.__NVIC_SetPriority
                0x0800472c       0x54 CMakeFiles/4100901-Final_Project_2024_2.dir/Drivers/STM32L4xx_HAL_Driver/Src/stm32l4xx_hal_cortex.c.obj
 .text.NVIC_EncodePriority
                0x08004780       0x66 CMakeFiles/4100901-Final_Project_2024_2.dir/Drivers/STM32L4xx_HAL_Driver/Src/stm32l4xx_hal_cortex.c.obj
 *fill*         0x080047e6        0x2 
 .text.SysTick_Config
                0x080047e8       0x44 CMakeFiles/4100901-Final_Project_2024_2.dir/Drivers/STM32L4xx_HAL_Driver/Src/stm32l4xx_hal_cortex.c.obj
 .text.HAL_NVIC_SetPriorityGrouping
                0x0800482c       0x16 CMakeFiles/4100901-Final_Project_2024_2.dir/Drivers/STM32L4xx_HAL_Driver/Src/stm32l4xx_hal_cortex.c.obj
                0x0800482c                HAL_NVIC_SetPriorityGrouping
 .text.HAL_NVIC_SetPriority
                0x08004842       0x38 CMakeFiles/4100901-Final_Project_2024_2.dir/Drivers/STM32L4xx_HAL_Driver/Src/stm32l4xx_hal_cortex.c.obj
                0x08004842                HAL_NVIC_SetPriority
 .text.HAL_NVIC_EnableIRQ
                0x0800487a       0x1c CMakeFiles/4100901-Final_Project_2024_2.dir/Drivers/STM32L4xx_HAL_Driver/Src/stm32l4xx_hal_cortex.c.obj
                0x0800487a                HAL_NVIC_EnableIRQ
 .text.HAL_SYSTICK_Config
                0x08004896       0x18 CMakeFiles/4100901-Final_Project_2024_2.dir/Drivers/STM32L4xx_HAL_Driver/Src/stm32l4xx_hal_cortex.c.obj
                0x08004896                HAL_SYSTICK_Config
 *fill*         0x080048ae        0x2 
 .text.SystemInit
                0x080048b0       0x24 CMakeFiles/4100901-Final_Project_2024_2.dir/Core/Src/system_stm32l4xx.c.obj
                0x080048b0                SystemInit
 .text.Reset_Handler
                0x080048d4       0x50 CMakeFiles/4100901-Final_Project_2024_2.dir/startup_stm32l476xx.s.obj
                0x080048d4                Reset_Handler
 .text.Default_Handler
                0x08004924        0x2 CMakeFiles/4100901-Final_Project_2024_2.dir/startup_stm32l476xx.s.obj
                0x08004924                RTC_Alarm_IRQHandler
                0x08004924                EXTI2_IRQHandler
                0x08004924                TIM8_TRG_COM_IRQHandler
                0x08004924                TIM8_CC_IRQHandler
                0x08004924                TIM1_CC_IRQHandler
                0x08004924                TSC_IRQHandler
                0x08004924                TAMP_STAMP_IRQHandler
                0x08004924                EXTI3_IRQHandler
                0x08004924                LPTIM2_IRQHandler
                0x08004924                DFSDM1_FLT1_IRQHandler
                0x08004924                I2C3_ER_IRQHandler
                0x08004924                DFSDM1_FLT2_IRQHandler
                0x08004924                EXTI0_IRQHandler
                0x08004924                I2C2_EV_IRQHandler
                0x08004924                CAN1_RX0_IRQHandler
                0x08004924                FPU_IRQHandler
                0x08004924                TIM1_UP_TIM16_IRQHandler
                0x08004924                ADC1_2_IRQHandler
                0x08004924                SPI1_IRQHandler
                0x08004924                TIM6_DAC_IRQHandler
                0x08004924                TIM8_UP_IRQHandler
                0x08004924                DMA2_Channel2_IRQHandler
                0x08004924                DMA1_Channel4_IRQHandler
                0x08004924                SAI2_IRQHandler
                0x08004924                DFSDM1_FLT3_IRQHandler
                0x08004924                USART3_IRQHandler
                0x08004924                DMA1_Channel7_IRQHandler
                0x08004924                CAN1_RX1_IRQHandler
                0x08004924                LCD_IRQHandler
                0x08004924                UART5_IRQHandler
                0x08004924                ADC3_IRQHandler
                0x08004924                TIM4_IRQHandler
                0x08004924                DMA2_Channel1_IRQHandler
                0x08004924                QUADSPI_IRQHandler
                0x08004924                I2C1_EV_IRQHandler
                0x08004924                DMA1_Channel6_IRQHandler
                0x08004924                UART4_IRQHandler
                0x08004924                DMA2_Channel4_IRQHandler
                0x08004924                TIM3_IRQHandler
                0x08004924                RCC_IRQHandler
                0x08004924                DMA1_Channel1_IRQHandler
                0x08004924                Default_Handler
                0x08004924                DMA2_Channel7_IRQHandler
                0x08004924                TIM7_IRQHandler
                0x08004924                SDMMC1_IRQHandler
                0x08004924                TIM5_IRQHandler
                0x08004924                I2C3_EV_IRQHandler
                0x08004924                RTC_WKUP_IRQHandler
                0x08004924                PVD_PVM_IRQHandler
                0x08004924                SPI2_IRQHandler
                0x08004924                CAN1_TX_IRQHandler
                0x08004924                DMA2_Channel5_IRQHandler
                0x08004924                DMA1_Channel5_IRQHandler
                0x08004924                EXTI4_IRQHandler
                0x08004924                RNG_IRQHandler
                0x08004924                TIM1_TRG_COM_TIM17_IRQHandler
                0x08004924                DMA1_Channel3_IRQHandler
                0x08004924                COMP_IRQHandler
                0x08004924                WWDG_IRQHandler
                0x08004924                LPUART1_IRQHandler
                0x08004924                DMA2_Channel6_IRQHandler
                0x08004924                TIM2_IRQHandler
                0x08004924                EXTI1_IRQHandler
                0x08004924                DFSDM1_FLT0_IRQHandler
                0x08004924                I2C2_ER_IRQHandler
                0x08004924                DMA1_Channel2_IRQHandler
                0x08004924                TIM8_BRK_IRQHandler
                0x08004924                CAN1_SCE_IRQHandler
                0x08004924                FLASH_IRQHandler
                0x08004924                USART1_IRQHandler
                0x08004924                OTG_FS_IRQHandler
                0x08004924                SPI3_IRQHandler
                0x08004924                I2C1_ER_IRQHandler
                0x08004924                FMC_IRQHandler
                0x08004924                SWPMI1_IRQHandler
                0x08004924                LPTIM1_IRQHandler
                0x08004924                SAI1_IRQHandler
                0x08004924                DMA2_Channel3_IRQHandler
                0x08004924                TIM1_BRK_TIM15_IRQHandler
 *(.glue_7)
 .glue_7        0x08004926        0x0 linker stubs
 *(.glue_7t)
 .glue_7t       0x08004926        0x0 linker stubs
 *(.eh_frame)
 *fill*         0x08004926        0x2 
 .eh_frame      0x08004928        0x0 C:/ST/STM32CubeCLT_1.17.0/GNU-tools-for-STM32/bin/../lib/gcc/arm-none-eabi/12.3.1/thumb/v7e-m+fp/hard/crtbegin.o
 *(.init)
 .init          0x08004928        0x4 C:/ST/STM32CubeCLT_1.17.0/GNU-tools-for-STM32/bin/../lib/gcc/arm-none-eabi/12.3.1/thumb/v7e-m+fp/hard/crti.o
                0x08004928                _init
 .init          0x0800492c        0x8 C:/ST/STM32CubeCLT_1.17.0/GNU-tools-for-STM32/bin/../lib/gcc/arm-none-eabi/12.3.1/thumb/v7e-m+fp/hard/crtn.o
 *(.fini)
 .fini          0x08004934        0x4 C:/ST/STM32CubeCLT_1.17.0/GNU-tools-for-STM32/bin/../lib/gcc/arm-none-eabi/12.3.1/thumb/v7e-m+fp/hard/crti.o
                0x08004934                _fini
 .fini          0x08004938        0x8 C:/ST/STM32CubeCLT_1.17.0/GNU-tools-for-STM32/bin/../lib/gcc/arm-none-eabi/12.3.1/thumb/v7e-m+fp/hard/crtn.o
                0x08004940                        . = ALIGN (0x8)
                0x08004940                        _etext = .

.vfp11_veneer   0x08004940        0x0
 .vfp11_veneer  0x08004940        0x0 linker stubs

.v4_bx          0x08004940        0x0
 .v4_bx         0x08004940        0x0 linker stubs

.iplt           0x08004940        0x0
 .iplt          0x08004940        0x0 C:/ST/STM32CubeCLT_1.17.0/GNU-tools-for-STM32/bin/../lib/gcc/arm-none-eabi/12.3.1/thumb/v7e-m+fp/hard/crtbegin.o

.rodata         0x08004940      0x240
                0x08004940                        . = ALIGN (0x8)
 *(.rodata)
 .rodata        0x08004940      0x1f5 CMakeFiles/4100901-Final_Project_2024_2.dir/Core/Src/main.c.obj
 *(.rodata*)
 *fill*         0x08004b35        0x3 
 .rodata.AHBPrescTable
                0x08004b38       0x10 CMakeFiles/4100901-Final_Project_2024_2.dir/Core/Src/system_stm32l4xx.c.obj
                0x08004b38                AHBPrescTable
 .rodata.APBPrescTable
                0x08004b48        0x8 CMakeFiles/4100901-Final_Project_2024_2.dir/Core/Src/system_stm32l4xx.c.obj
                0x08004b48                APBPrescTable
 .rodata.MSIRangeTable
                0x08004b50       0x30 CMakeFiles/4100901-Final_Project_2024_2.dir/Core/Src/system_stm32l4xx.c.obj
                0x08004b50                MSIRangeTable
                0x08004b80                        . = ALIGN (0x8)

.ARM.extab      0x08004b80        0x0
                0x08004b80                        . = ALIGN (0x8)
 *(.ARM.extab* .gnu.linkonce.armextab.*)
                0x08004b80                        . = ALIGN (0x8)

.ARM            0x08004b80        0x8
                0x08004b80                        . = ALIGN (0x8)
                0x08004b80                        __exidx_start = .
 *(.ARM.exidx*)
 .ARM.exidx     0x08004b80        0x8 C:/ST/STM32CubeCLT_1.17.0/GNU-tools-for-STM32/bin/../lib/gcc/arm-none-eabi/12.3.1/thumb/v7e-m+fp/hard\libgcc.a(_udivmoddi4.o)
 .ARM.exidx     0x08004b88        0x0 C:/ST/STM32CubeCLT_1.17.0/GNU-tools-for-STM32/bin/../lib/gcc/arm-none-eabi/12.3.1/../../../../arm-none-eabi/lib/thumb/v7e-m+fp/hard\libg_nano.a(libc_a-strcmp.o)
                                  0x8 (size before relaxing)
 .ARM.exidx     0x08004b88        0x0 C:/ST/STM32CubeCLT_1.17.0/GNU-tools-for-STM32/bin/../lib/gcc/arm-none-eabi/12.3.1/../../../../arm-none-eabi/lib/thumb/v7e-m+fp/hard\libg_nano.a(libc_a-strlen.o)
                                  0x8 (size before relaxing)
                0x08004b88                        __exidx_end = .
                0x08004b88                        . = ALIGN (0x8)

.rel.dyn        0x08004b88        0x0
 .rel.iplt      0x08004b88        0x0 C:/ST/STM32CubeCLT_1.17.0/GNU-tools-for-STM32/bin/../lib/gcc/arm-none-eabi/12.3.1/thumb/v7e-m+fp/hard/crtbegin.o

.preinit_array  0x08004b88        0x0
                0x08004b88                        . = ALIGN (0x8)
                0x08004b88                        PROVIDE (__preinit_array_start = .)
 *(.preinit_array*)
                0x08004b88                        PROVIDE (__preinit_array_end = .)
                0x08004b88                        . = ALIGN (0x8)

.init_array     0x08004b88        0x8
                0x08004b88                        . = ALIGN (0x8)
                0x08004b88                        PROVIDE (__init_array_start = .)
 *(SORT_BY_NAME(.init_array.*))
 *(.init_array*)
 .init_array    0x08004b88        0x4 C:/ST/STM32CubeCLT_1.17.0/GNU-tools-for-STM32/bin/../lib/gcc/arm-none-eabi/12.3.1/thumb/v7e-m+fp/hard/crtbegin.o
                0x08004b8c                        PROVIDE (__init_array_end = .)
                0x08004b90                        . = ALIGN (0x8)
 *fill*         0x08004b8c        0x4 

.fini_array     0x08004b90        0x8
                0x08004b90                        . = ALIGN (0x8)
                [!provide]                        PROVIDE (__fini_array_start = .)
 *(SORT_BY_NAME(.fini_array.*))
 *(.fini_array*)
 .fini_array    0x08004b90        0x4 C:/ST/STM32CubeCLT_1.17.0/GNU-tools-for-STM32/bin/../lib/gcc/arm-none-eabi/12.3.1/thumb/v7e-m+fp/hard/crtbegin.o
                [!provide]                        PROVIDE (__fini_array_end = .)
                0x08004b98                        . = ALIGN (0x8)
 *fill*         0x08004b94        0x4 
                0x08004b98                        _sidata = LOADADDR (.data)

.data           0x20000000       0x10 load address 0x08004b98
                0x20000000                        . = ALIGN (0x8)
                0x20000000                        _sdata = .
 *(.data)
 *(.data*)
 .data.uwTickPrio
                0x20000000        0x4 CMakeFiles/4100901-Final_Project_2024_2.dir/Drivers/STM32L4xx_HAL_Driver/Src/stm32l4xx_hal.c.obj
                0x20000000                uwTickPrio
 .data.uwTickFreq
                0x20000004        0x1 CMakeFiles/4100901-Final_Project_2024_2.dir/Drivers/STM32L4xx_HAL_Driver/Src/stm32l4xx_hal.c.obj
                0x20000004                uwTickFreq
 *fill*         0x20000005        0x3 
 .data.SystemCoreClock
                0x20000008        0x4 CMakeFiles/4100901-Final_Project_2024_2.dir/Core/Src/system_stm32l4xx.c.obj
                0x20000008                SystemCoreClock
                0x20000010                        . = ALIGN (0x8)
 *fill*         0x2000000c        0x4 
                0x20000010                        _edata = .

.igot.plt       0x20000010        0x0 load address 0x08004ba8
 .igot.plt      0x20000010        0x0 C:/ST/STM32CubeCLT_1.17.0/GNU-tools-for-STM32/bin/../lib/gcc/arm-none-eabi/12.3.1/thumb/v7e-m+fp/hard/crtbegin.o
                0x20000010                        . = ALIGN (0x4)

.bss            0x20000010      0x110 load address 0x08004ba8
                0x20000010                        _sbss = .
                0x20000010                        __bss_start__ = _sbss
 *(.bss)
 .bss           0x20000010       0x1c C:/ST/STM32CubeCLT_1.17.0/GNU-tools-for-STM32/bin/../lib/gcc/arm-none-eabi/12.3.1/thumb/v7e-m+fp/hard/crtbegin.o
 *(.bss*)
 .bss.huart2    0x2000002c       0x88 CMakeFiles/4100901-Final_Project_2024_2.dir/Core/Src/main.c.obj
                0x2000002c                huart2
 .bss.rx_byte   0x200000b4        0x1 CMakeFiles/4100901-Final_Project_2024_2.dir/Core/Src/main.c.obj
                0x200000b4                rx_byte
 *fill*         0x200000b5        0x3 
 .bss.key_pressed_tick
                0x200000b8        0x4 CMakeFiles/4100901-Final_Project_2024_2.dir/Core/Src/main.c.obj
                0x200000b8                key_pressed_tick
 .bss.column_pressed
                0x200000bc        0x2 CMakeFiles/4100901-Final_Project_2024_2.dir/Core/Src/main.c.obj
                0x200000bc                column_pressed
 *fill*         0x200000be        0x2 
 .bss.debounce_tick
                0x200000c0        0x4 CMakeFiles/4100901-Final_Project_2024_2.dir/Core/Src/main.c.obj
                0x200000c0                debounce_tick
 .bss.is_authenticated
                0x200000c4        0x1 CMakeFiles/4100901-Final_Project_2024_2.dir/Core/Src/main.c.obj
                0x200000c4                is_authenticated
 *fill*         0x200000c5        0x3 
 .bss.password_entered
                0x200000c8        0x6 CMakeFiles/4100901-Final_Project_2024_2.dir/Core/Src/main.c.obj
                0x200000c8                password_entered
 *fill*         0x200000ce        0x2 
 .bss.rx_buffer
                0x200000d0        0x8 CMakeFiles/4100901-Final_Project_2024_2.dir/Core/Src/main.c.obj
                0x200000d0                rx_buffer
 .bss.rx_buffer_mem
                0x200000d8       0x40 CMakeFiles/4100901-Final_Project_2024_2.dir/Core/Src/main.c.obj
                0x200000d8                rx_buffer_mem
 .bss.current_cmd
                0x20000118        0x1 CMakeFiles/4100901-Final_Project_2024_2.dir/Core/Src/main.c.obj
                0x20000118                current_cmd
 *fill*         0x20000119        0x3 
 .bss.uwTick    0x2000011c        0x4 CMakeFiles/4100901-Final_Project_2024_2.dir/Drivers/STM32L4xx_HAL_Driver/Src/stm32l4xx_hal.c.obj
                0x2000011c                uwTick
 *(COMMON)
                0x20000120                        . = ALIGN (0x4)
                0x20000120                        _ebss = .
                0x20000120                        __bss_end__ = _ebss

._user_heap_stack
                0x20000120      0x600 load address 0x08004ba8
                0x20000120                        . = ALIGN (0x8)
                [!provide]                        PROVIDE (end = .)
                0x20000120                        PROVIDE (_end = .)
                0x20000320                        . = (. + _Min_Heap_Size)
 *fill*         0x20000120      0x200 
                0x20000720                        . = (. + _Min_Stack_Size)
 *fill*         0x20000320      0x400 
                0x20000720                        . = ALIGN (0x8)

/DISCARD/
 libc.a(*)
 libm.a(*)
 libgcc.a(*)
OUTPUT(4100901-Final_Project_2024_2.elf elf32-littlearm)
LOAD linker stubs
LOAD C:/ST/STM32CubeCLT_1.17.0/GNU-tools-for-STM32/bin/../lib/gcc/arm-none-eabi/12.3.1/../../../../arm-none-eabi/lib/thumb/v7e-m+fp/hard\libc.a
LOAD C:/ST/STM32CubeCLT_1.17.0/GNU-tools-for-STM32/bin/../lib/gcc/arm-none-eabi/12.3.1/../../../../arm-none-eabi/lib/thumb/v7e-m+fp/hard\libm.a
LOAD C:/ST/STM32CubeCLT_1.17.0/GNU-tools-for-STM32/bin/../lib/gcc/arm-none-eabi/12.3.1/thumb/v7e-m+fp/hard\libgcc.a

.ARM.attributes
                0x00000000       0x30
 .ARM.attributes
                0x00000000       0x22 C:/ST/STM32CubeCLT_1.17.0/GNU-tools-for-STM32/bin/../lib/gcc/arm-none-eabi/12.3.1/thumb/v7e-m+fp/hard/crti.o
 .ARM.attributes
                0x00000022       0x34 C:/ST/STM32CubeCLT_1.17.0/GNU-tools-for-STM32/bin/../lib/gcc/arm-none-eabi/12.3.1/thumb/v7e-m+fp/hard/crtbegin.o
 .ARM.attributes
                0x00000056       0x34 C:/ST/STM32CubeCLT_1.17.0/GNU-tools-for-STM32/bin/../lib/gcc/arm-none-eabi/12.3.1/../../../../arm-none-eabi/lib/thumb/v7e-m+fp/hard\libc_nano.a(libc_a-memset.o)
 .ARM.attributes
                0x0000008a       0x34 C:/ST/STM32CubeCLT_1.17.0/GNU-tools-for-STM32/bin/../lib/gcc/arm-none-eabi/12.3.1/../../../../arm-none-eabi/lib/thumb/v7e-m+fp/hard\libc_nano.a(libc_a-init.o)
 .ARM.attributes
                0x000000be       0x34 CMakeFiles/4100901-Final_Project_2024_2.dir/Drivers/keypad/keypad.c.obj
 .ARM.attributes
                0x000000f2       0x34 CMakeFiles/4100901-Final_Project_2024_2.dir/Core/Src/ring_buffer.c.obj
 .ARM.attributes
                0x00000126       0x34 CMakeFiles/4100901-Final_Project_2024_2.dir/Core/Src/main.c.obj
 .ARM.attributes
                0x0000015a       0x34 CMakeFiles/4100901-Final_Project_2024_2.dir/Core/Src/stm32l4xx_it.c.obj
 .ARM.attributes
                0x0000018e       0x34 CMakeFiles/4100901-Final_Project_2024_2.dir/Core/Src/stm32l4xx_hal_msp.c.obj
 .ARM.attributes
                0x000001c2       0x34 CMakeFiles/4100901-Final_Project_2024_2.dir/Drivers/STM32L4xx_HAL_Driver/Src/stm32l4xx_hal_uart.c.obj
 .ARM.attributes
                0x000001f6       0x34 CMakeFiles/4100901-Final_Project_2024_2.dir/Drivers/STM32L4xx_HAL_Driver/Src/stm32l4xx_hal_uart_ex.c.obj
 .ARM.attributes
                0x0000022a       0x34 CMakeFiles/4100901-Final_Project_2024_2.dir/Drivers/STM32L4xx_HAL_Driver/Src/stm32l4xx_hal.c.obj
 .ARM.attributes
                0x0000025e       0x34 CMakeFiles/4100901-Final_Project_2024_2.dir/Drivers/STM32L4xx_HAL_Driver/Src/stm32l4xx_hal_rcc.c.obj
 .ARM.attributes
                0x00000292       0x34 CMakeFiles/4100901-Final_Project_2024_2.dir/Drivers/STM32L4xx_HAL_Driver/Src/stm32l4xx_hal_rcc_ex.c.obj
 .ARM.attributes
                0x000002c6       0x34 CMakeFiles/4100901-Final_Project_2024_2.dir/Drivers/STM32L4xx_HAL_Driver/Src/stm32l4xx_hal_gpio.c.obj
 .ARM.attributes
                0x000002fa       0x34 CMakeFiles/4100901-Final_Project_2024_2.dir/Drivers/STM32L4xx_HAL_Driver/Src/stm32l4xx_hal_dma.c.obj
 .ARM.attributes
                0x0000032e       0x34 CMakeFiles/4100901-Final_Project_2024_2.dir/Drivers/STM32L4xx_HAL_Driver/Src/stm32l4xx_hal_pwr_ex.c.obj
 .ARM.attributes
                0x00000362       0x34 CMakeFiles/4100901-Final_Project_2024_2.dir/Drivers/STM32L4xx_HAL_Driver/Src/stm32l4xx_hal_cortex.c.obj
 .ARM.attributes
                0x00000396       0x34 CMakeFiles/4100901-Final_Project_2024_2.dir/Core/Src/system_stm32l4xx.c.obj
 .ARM.attributes
                0x000003ca       0x21 CMakeFiles/4100901-Final_Project_2024_2.dir/startup_stm32l476xx.s.obj
 .ARM.attributes
                0x000003eb       0x22 C:/ST/STM32CubeCLT_1.17.0/GNU-tools-for-STM32/bin/../lib/gcc/arm-none-eabi/12.3.1/thumb/v7e-m+fp/hard\libgcc.a(_aeabi_uldivmod.o)
 .ARM.attributes
                0x0000040d       0x34 C:/ST/STM32CubeCLT_1.17.0/GNU-tools-for-STM32/bin/../lib/gcc/arm-none-eabi/12.3.1/thumb/v7e-m+fp/hard\libgcc.a(_udivmoddi4.o)
 .ARM.attributes
                0x00000441       0x22 C:/ST/STM32CubeCLT_1.17.0/GNU-tools-for-STM32/bin/../lib/gcc/arm-none-eabi/12.3.1/thumb/v7e-m+fp/hard\libgcc.a(_dvmd_tls.o)
 .ARM.attributes
                0x00000463       0x20 C:/ST/STM32CubeCLT_1.17.0/GNU-tools-for-STM32/bin/../lib/gcc/arm-none-eabi/12.3.1/../../../../arm-none-eabi/lib/thumb/v7e-m+fp/hard\libg_nano.a(libc_a-strcmp.o)
 .ARM.attributes
                0x00000483       0x17 C:/ST/STM32CubeCLT_1.17.0/GNU-tools-for-STM32/bin/../lib/gcc/arm-none-eabi/12.3.1/../../../../arm-none-eabi/lib/thumb/v7e-m+fp/hard\libg_nano.a(libc_a-strlen.o)
 .ARM.attributes
                0x0000049a       0x22 C:/ST/STM32CubeCLT_1.17.0/GNU-tools-for-STM32/bin/../lib/gcc/arm-none-eabi/12.3.1/thumb/v7e-m+fp/hard/crtn.o

.comment        0x00000000       0x43
 .comment       0x00000000       0x43 CMakeFiles/4100901-Final_Project_2024_2.dir/Drivers/keypad/keypad.c.obj
                                 0x44 (size before relaxing)
 .comment       0x00000043       0x44 CMakeFiles/4100901-Final_Project_2024_2.dir/Core/Src/ring_buffer.c.obj
 .comment       0x00000043       0x44 CMakeFiles/4100901-Final_Project_2024_2.dir/Core/Src/main.c.obj
 .comment       0x00000043       0x44 CMakeFiles/4100901-Final_Project_2024_2.dir/Core/Src/stm32l4xx_it.c.obj
 .comment       0x00000043       0x44 CMakeFiles/4100901-Final_Project_2024_2.dir/Core/Src/stm32l4xx_hal_msp.c.obj
 .comment       0x00000043       0x44 CMakeFiles/4100901-Final_Project_2024_2.dir/Drivers/STM32L4xx_HAL_Driver/Src/stm32l4xx_hal_uart.c.obj
 .comment       0x00000043       0x44 CMakeFiles/4100901-Final_Project_2024_2.dir/Drivers/STM32L4xx_HAL_Driver/Src/stm32l4xx_hal_uart_ex.c.obj
 .comment       0x00000043       0x44 CMakeFiles/4100901-Final_Project_2024_2.dir/Drivers/STM32L4xx_HAL_Driver/Src/stm32l4xx_hal.c.obj
 .comment       0x00000043       0x44 CMakeFiles/4100901-Final_Project_2024_2.dir/Drivers/STM32L4xx_HAL_Driver/Src/stm32l4xx_hal_rcc.c.obj
 .comment       0x00000043       0x44 CMakeFiles/4100901-Final_Project_2024_2.dir/Drivers/STM32L4xx_HAL_Driver/Src/stm32l4xx_hal_rcc_ex.c.obj
 .comment       0x00000043       0x44 CMakeFiles/4100901-Final_Project_2024_2.dir/Drivers/STM32L4xx_HAL_Driver/Src/stm32l4xx_hal_gpio.c.obj
 .comment       0x00000043       0x44 CMakeFiles/4100901-Final_Project_2024_2.dir/Drivers/STM32L4xx_HAL_Driver/Src/stm32l4xx_hal_dma.c.obj
 .comment       0x00000043       0x44 CMakeFiles/4100901-Final_Project_2024_2.dir/Drivers/STM32L4xx_HAL_Driver/Src/stm32l4xx_hal_pwr_ex.c.obj
 .comment       0x00000043       0x44 CMakeFiles/4100901-Final_Project_2024_2.dir/Drivers/STM32L4xx_HAL_Driver/Src/stm32l4xx_hal_cortex.c.obj
 .comment       0x00000043       0x44 CMakeFiles/4100901-Final_Project_2024_2.dir/Core/Src/system_stm32l4xx.c.obj

.debug_frame    0x00000000     0x2958
 .debug_frame   0x00000000       0x20 C:/ST/STM32CubeCLT_1.17.0/GNU-tools-for-STM32/bin/../lib/gcc/arm-none-eabi/12.3.1/../../../../arm-none-eabi/lib/thumb/v7e-m+fp/hard\libc_nano.a(libc_a-memset.o)
 .debug_frame   0x00000020       0x2c C:/ST/STM32CubeCLT_1.17.0/GNU-tools-for-STM32/bin/../lib/gcc/arm-none-eabi/12.3.1/../../../../arm-none-eabi/lib/thumb/v7e-m+fp/hard\libc_nano.a(libc_a-init.o)
 .debug_frame   0x0000004c       0x54 CMakeFiles/4100901-Final_Project_2024_2.dir/Drivers/keypad/keypad.c.obj
 .debug_frame   0x000000a0      0x124 CMakeFiles/4100901-Final_Project_2024_2.dir/Core/Src/ring_buffer.c.obj
 .debug_frame   0x000001c4      0x17c CMakeFiles/4100901-Final_Project_2024_2.dir/Core/Src/main.c.obj
 .debug_frame   0x00000340      0x158 CMakeFiles/4100901-Final_Project_2024_2.dir/Core/Src/stm32l4xx_it.c.obj
 .debug_frame   0x00000498       0x84 CMakeFiles/4100901-Final_Project_2024_2.dir/Core/Src/stm32l4xx_hal_msp.c.obj
 .debug_frame   0x0000051c      0x9f4 CMakeFiles/4100901-Final_Project_2024_2.dir/Drivers/STM32L4xx_HAL_Driver/Src/stm32l4xx_hal_uart.c.obj
 .debug_frame   0x00000f10      0x204 CMakeFiles/4100901-Final_Project_2024_2.dir/Drivers/STM32L4xx_HAL_Driver/Src/stm32l4xx_hal_uart_ex.c.obj
 .debug_frame   0x00001114      0x498 CMakeFiles/4100901-Final_Project_2024_2.dir/Drivers/STM32L4xx_HAL_Driver/Src/stm32l4xx_hal.c.obj
 .debug_frame   0x000015ac      0x21c CMakeFiles/4100901-Final_Project_2024_2.dir/Drivers/STM32L4xx_HAL_Driver/Src/stm32l4xx_hal_rcc.c.obj
 .debug_frame   0x000017c8      0x2fc CMakeFiles/4100901-Final_Project_2024_2.dir/Drivers/STM32L4xx_HAL_Driver/Src/stm32l4xx_hal_rcc_ex.c.obj
 .debug_frame   0x00001ac4      0x14c CMakeFiles/4100901-Final_Project_2024_2.dir/Drivers/STM32L4xx_HAL_Driver/Src/stm32l4xx_hal_gpio.c.obj
 .debug_frame   0x00001c10      0x204 CMakeFiles/4100901-Final_Project_2024_2.dir/Drivers/STM32L4xx_HAL_Driver/Src/stm32l4xx_hal_dma.c.obj
 .debug_frame   0x00001e14      0x584 CMakeFiles/4100901-Final_Project_2024_2.dir/Drivers/STM32L4xx_HAL_Driver/Src/stm32l4xx_hal_pwr_ex.c.obj
 .debug_frame   0x00002398      0x4e8 CMakeFiles/4100901-Final_Project_2024_2.dir/Drivers/STM32L4xx_HAL_Driver/Src/stm32l4xx_hal_cortex.c.obj
 .debug_frame   0x00002880       0x58 CMakeFiles/4100901-Final_Project_2024_2.dir/Core/Src/system_stm32l4xx.c.obj
 .debug_frame   0x000028d8       0x2c C:/ST/STM32CubeCLT_1.17.0/GNU-tools-for-STM32/bin/../lib/gcc/arm-none-eabi/12.3.1/thumb/v7e-m+fp/hard\libgcc.a(_aeabi_uldivmod.o)
 .debug_frame   0x00002904       0x34 C:/ST/STM32CubeCLT_1.17.0/GNU-tools-for-STM32/bin/../lib/gcc/arm-none-eabi/12.3.1/thumb/v7e-m+fp/hard\libgcc.a(_udivmoddi4.o)
 .debug_frame   0x00002938       0x20 C:/ST/STM32CubeCLT_1.17.0/GNU-tools-for-STM32/bin/../lib/gcc/arm-none-eabi/12.3.1/../../../../arm-none-eabi/lib/thumb/v7e-m+fp/hard\libg_nano.a(libc_a-strcmp.o)

.debug_info     0x00000000     0xcb5f
 .debug_info    0x00000000      0x3c6 CMakeFiles/4100901-Final_Project_2024_2.dir/Drivers/keypad/keypad.c.obj
 .debug_info    0x000003c6      0x22d CMakeFiles/4100901-Final_Project_2024_2.dir/Core/Src/ring_buffer.c.obj
 .debug_info    0x000005f3     0x1329 CMakeFiles/4100901-Final_Project_2024_2.dir/Core/Src/main.c.obj
 .debug_info    0x0000191c      0x760 CMakeFiles/4100901-Final_Project_2024_2.dir/Core/Src/stm32l4xx_it.c.obj
 .debug_info    0x0000207c      0xfa0 CMakeFiles/4100901-Final_Project_2024_2.dir/Core/Src/stm32l4xx_hal_msp.c.obj
 .debug_info    0x0000301c     0x3b69 CMakeFiles/4100901-Final_Project_2024_2.dir/Drivers/STM32L4xx_HAL_Driver/Src/stm32l4xx_hal_uart.c.obj
 .debug_info    0x00006b85      0xdff CMakeFiles/4100901-Final_Project_2024_2.dir/Drivers/STM32L4xx_HAL_Driver/Src/stm32l4xx_hal_uart_ex.c.obj
 .debug_info    0x00007984      0xc09 CMakeFiles/4100901-Final_Project_2024_2.dir/Drivers/STM32L4xx_HAL_Driver/Src/stm32l4xx_hal.c.obj
 .debug_info    0x0000858d      0xc14 CMakeFiles/4100901-Final_Project_2024_2.dir/Drivers/STM32L4xx_HAL_Driver/Src/stm32l4xx_hal_rcc.c.obj
 .debug_info    0x000091a1      0xe11 CMakeFiles/4100901-Final_Project_2024_2.dir/Drivers/STM32L4xx_HAL_Driver/Src/stm32l4xx_hal_rcc_ex.c.obj
 .debug_info    0x00009fb2      0x757 CMakeFiles/4100901-Final_Project_2024_2.dir/Drivers/STM32L4xx_HAL_Driver/Src/stm32l4xx_hal_gpio.c.obj
 .debug_info    0x0000a709      0x6f4 CMakeFiles/4100901-Final_Project_2024_2.dir/Drivers/STM32L4xx_HAL_Driver/Src/stm32l4xx_hal_dma.c.obj
 .debug_info    0x0000adfd      0x99e CMakeFiles/4100901-Final_Project_2024_2.dir/Drivers/STM32L4xx_HAL_Driver/Src/stm32l4xx_hal_pwr_ex.c.obj
 .debug_info    0x0000b79b      0xd81 CMakeFiles/4100901-Final_Project_2024_2.dir/Drivers/STM32L4xx_HAL_Driver/Src/stm32l4xx_hal_cortex.c.obj
 .debug_info    0x0000c51c      0x5b1 CMakeFiles/4100901-Final_Project_2024_2.dir/Core/Src/system_stm32l4xx.c.obj
 .debug_info    0x0000cacd       0x30 CMakeFiles/4100901-Final_Project_2024_2.dir/startup_stm32l476xx.s.obj
 .debug_info    0x0000cafd       0x31 C:/ST/STM32CubeCLT_1.17.0/GNU-tools-for-STM32/bin/../lib/gcc/arm-none-eabi/12.3.1/../../../../arm-none-eabi/lib/thumb/v7e-m+fp/hard\libg_nano.a(libc_a-strcmp.o)
 .debug_info    0x0000cb2e       0x31 C:/ST/STM32CubeCLT_1.17.0/GNU-tools-for-STM32/bin/../lib/gcc/arm-none-eabi/12.3.1/../../../../arm-none-eabi/lib/thumb/v7e-m+fp/hard\libg_nano.a(libc_a-strlen.o)

.debug_abbrev   0x00000000     0x202a
 .debug_abbrev  0x00000000      0x15d CMakeFiles/4100901-Final_Project_2024_2.dir/Drivers/keypad/keypad.c.obj
 .debug_abbrev  0x0000015d       0xfe CMakeFiles/4100901-Final_Project_2024_2.dir/Core/Src/ring_buffer.c.obj
 .debug_abbrev  0x0000025b      0x2f1 CMakeFiles/4100901-Final_Project_2024_2.dir/Core/Src/main.c.obj
 .debug_abbrev  0x0000054c      0x172 CMakeFiles/4100901-Final_Project_2024_2.dir/Core/Src/stm32l4xx_it.c.obj
 .debug_abbrev  0x000006be      0x1d8 CMakeFiles/4100901-Final_Project_2024_2.dir/Core/Src/stm32l4xx_hal_msp.c.obj
 .debug_abbrev  0x00000896      0x2d0 CMakeFiles/4100901-Final_Project_2024_2.dir/Drivers/STM32L4xx_HAL_Driver/Src/stm32l4xx_hal_uart.c.obj
 .debug_abbrev  0x00000b66      0x2be CMakeFiles/4100901-Final_Project_2024_2.dir/Drivers/STM32L4xx_HAL_Driver/Src/stm32l4xx_hal_uart_ex.c.obj
 .debug_abbrev  0x00000e24      0x243 CMakeFiles/4100901-Final_Project_2024_2.dir/Drivers/STM32L4xx_HAL_Driver/Src/stm32l4xx_hal.c.obj
 .debug_abbrev  0x00001067      0x2cb CMakeFiles/4100901-Final_Project_2024_2.dir/Drivers/STM32L4xx_HAL_Driver/Src/stm32l4xx_hal_rcc.c.obj
 .debug_abbrev  0x00001332      0x2a6 CMakeFiles/4100901-Final_Project_2024_2.dir/Drivers/STM32L4xx_HAL_Driver/Src/stm32l4xx_hal_rcc_ex.c.obj
 .debug_abbrev  0x000015d8      0x1cb CMakeFiles/4100901-Final_Project_2024_2.dir/Drivers/STM32L4xx_HAL_Driver/Src/stm32l4xx_hal_gpio.c.obj
 .debug_abbrev  0x000017a3      0x1e4 CMakeFiles/4100901-Final_Project_2024_2.dir/Drivers/STM32L4xx_HAL_Driver/Src/stm32l4xx_hal_dma.c.obj
 .debug_abbrev  0x00001987      0x1f9 CMakeFiles/4100901-Final_Project_2024_2.dir/Drivers/STM32L4xx_HAL_Driver/Src/stm32l4xx_hal_pwr_ex.c.obj
 .debug_abbrev  0x00001b80      0x31c CMakeFiles/4100901-Final_Project_2024_2.dir/Drivers/STM32L4xx_HAL_Driver/Src/stm32l4xx_hal_cortex.c.obj
 .debug_abbrev  0x00001e9c      0x11a CMakeFiles/4100901-Final_Project_2024_2.dir/Core/Src/system_stm32l4xx.c.obj
 .debug_abbrev  0x00001fb6       0x24 CMakeFiles/4100901-Final_Project_2024_2.dir/startup_stm32l476xx.s.obj
 .debug_abbrev  0x00001fda       0x28 C:/ST/STM32CubeCLT_1.17.0/GNU-tools-for-STM32/bin/../lib/gcc/arm-none-eabi/12.3.1/../../../../arm-none-eabi/lib/thumb/v7e-m+fp/hard\libg_nano.a(libc_a-strcmp.o)
 .debug_abbrev  0x00002002       0x28 C:/ST/STM32CubeCLT_1.17.0/GNU-tools-for-STM32/bin/../lib/gcc/arm-none-eabi/12.3.1/../../../../arm-none-eabi/lib/thumb/v7e-m+fp/hard\libg_nano.a(libc_a-strlen.o)

.debug_aranges  0x00000000      0xaa8
 .debug_aranges
                0x00000000       0x28 CMakeFiles/4100901-Final_Project_2024_2.dir/Drivers/keypad/keypad.c.obj
 .debug_aranges
                0x00000028       0x50 CMakeFiles/4100901-Final_Project_2024_2.dir/Core/Src/ring_buffer.c.obj
 .debug_aranges
                0x00000078       0x70 CMakeFiles/4100901-Final_Project_2024_2.dir/Core/Src/main.c.obj
 .debug_aranges
                0x000000e8       0x78 CMakeFiles/4100901-Final_Project_2024_2.dir/Core/Src/stm32l4xx_it.c.obj
 .debug_aranges
                0x00000160       0x30 CMakeFiles/4100901-Final_Project_2024_2.dir/Core/Src/stm32l4xx_hal_msp.c.obj
 .debug_aranges
                0x00000190      0x228 CMakeFiles/4100901-Final_Project_2024_2.dir/Drivers/STM32L4xx_HAL_Driver/Src/stm32l4xx_hal_uart.c.obj
 .debug_aranges
                0x000003b8       0x80 CMakeFiles/4100901-Final_Project_2024_2.dir/Drivers/STM32L4xx_HAL_Driver/Src/stm32l4xx_hal_uart_ex.c.obj
 .debug_aranges
                0x00000438      0x130 CMakeFiles/4100901-Final_Project_2024_2.dir/Drivers/STM32L4xx_HAL_Driver/Src/stm32l4xx_hal.c.obj
 .debug_aranges
                0x00000568       0x90 CMakeFiles/4100901-Final_Project_2024_2.dir/Drivers/STM32L4xx_HAL_Driver/Src/stm32l4xx_hal_rcc.c.obj
 .debug_aranges
                0x000005f8       0xc0 CMakeFiles/4100901-Final_Project_2024_2.dir/Drivers/STM32L4xx_HAL_Driver/Src/stm32l4xx_hal_rcc_ex.c.obj
 .debug_aranges
                0x000006b8       0x58 CMakeFiles/4100901-Final_Project_2024_2.dir/Drivers/STM32L4xx_HAL_Driver/Src/stm32l4xx_hal_gpio.c.obj
 .debug_aranges
                0x00000710       0x80 CMakeFiles/4100901-Final_Project_2024_2.dir/Drivers/STM32L4xx_HAL_Driver/Src/stm32l4xx_hal_dma.c.obj
 .debug_aranges
                0x00000790      0x160 CMakeFiles/4100901-Final_Project_2024_2.dir/Drivers/STM32L4xx_HAL_Driver/Src/stm32l4xx_hal_pwr_ex.c.obj
 .debug_aranges
                0x000008f0      0x128 CMakeFiles/4100901-Final_Project_2024_2.dir/Drivers/STM32L4xx_HAL_Driver/Src/stm32l4xx_hal_cortex.c.obj
 .debug_aranges
                0x00000a18       0x28 CMakeFiles/4100901-Final_Project_2024_2.dir/Core/Src/system_stm32l4xx.c.obj
 .debug_aranges
                0x00000a40       0x28 CMakeFiles/4100901-Final_Project_2024_2.dir/startup_stm32l476xx.s.obj
 .debug_aranges
                0x00000a68       0x20 C:/ST/STM32CubeCLT_1.17.0/GNU-tools-for-STM32/bin/../lib/gcc/arm-none-eabi/12.3.1/../../../../arm-none-eabi/lib/thumb/v7e-m+fp/hard\libg_nano.a(libc_a-strcmp.o)
 .debug_aranges
                0x00000a88       0x20 C:/ST/STM32CubeCLT_1.17.0/GNU-tools-for-STM32/bin/../lib/gcc/arm-none-eabi/12.3.1/../../../../arm-none-eabi/lib/thumb/v7e-m+fp/hard\libg_nano.a(libc_a-strlen.o)

.debug_rnglists
                0x00000000      0x7ee
 .debug_rnglists
                0x00000000       0x1a CMakeFiles/4100901-Final_Project_2024_2.dir/Drivers/keypad/keypad.c.obj
 .debug_rnglists
                0x0000001a       0x37 CMakeFiles/4100901-Final_Project_2024_2.dir/Core/Src/ring_buffer.c.obj
 .debug_rnglists
                0x00000051       0x53 CMakeFiles/4100901-Final_Project_2024_2.dir/Core/Src/main.c.obj
 .debug_rnglists
                0x000000a4       0x55 CMakeFiles/4100901-Final_Project_2024_2.dir/Core/Src/stm32l4xx_it.c.obj
 .debug_rnglists
                0x000000f9       0x20 CMakeFiles/4100901-Final_Project_2024_2.dir/Core/Src/stm32l4xx_hal_msp.c.obj
 .debug_rnglists
                0x00000119      0x1db CMakeFiles/4100901-Final_Project_2024_2.dir/Drivers/STM32L4xx_HAL_Driver/Src/stm32l4xx_hal_uart.c.obj
 .debug_rnglists
                0x000002f4       0x60 CMakeFiles/4100901-Final_Project_2024_2.dir/Drivers/STM32L4xx_HAL_Driver/Src/stm32l4xx_hal_uart_ex.c.obj
 .debug_rnglists
                0x00000354       0xdf CMakeFiles/4100901-Final_Project_2024_2.dir/Drivers/STM32L4xx_HAL_Driver/Src/stm32l4xx_hal.c.obj
 .debug_rnglists
                0x00000433       0x6d CMakeFiles/4100901-Final_Project_2024_2.dir/Drivers/STM32L4xx_HAL_Driver/Src/stm32l4xx_hal_rcc.c.obj
 .debug_rnglists
                0x000004a0       0x95 CMakeFiles/4100901-Final_Project_2024_2.dir/Drivers/STM32L4xx_HAL_Driver/Src/stm32l4xx_hal_rcc_ex.c.obj
 .debug_rnglists
                0x00000535       0x3f CMakeFiles/4100901-Final_Project_2024_2.dir/Drivers/STM32L4xx_HAL_Driver/Src/stm32l4xx_hal_gpio.c.obj
 .debug_rnglists
                0x00000574       0x64 CMakeFiles/4100901-Final_Project_2024_2.dir/Drivers/STM32L4xx_HAL_Driver/Src/stm32l4xx_hal_dma.c.obj
 .debug_rnglists
                0x000005d8      0x109 CMakeFiles/4100901-Final_Project_2024_2.dir/Drivers/STM32L4xx_HAL_Driver/Src/stm32l4xx_hal_pwr_ex.c.obj
 .debug_rnglists
                0x000006e1       0xda CMakeFiles/4100901-Final_Project_2024_2.dir/Drivers/STM32L4xx_HAL_Driver/Src/stm32l4xx_hal_cortex.c.obj
 .debug_rnglists
                0x000007bb       0x1a CMakeFiles/4100901-Final_Project_2024_2.dir/Core/Src/system_stm32l4xx.c.obj
 .debug_rnglists
                0x000007d5       0x19 CMakeFiles/4100901-Final_Project_2024_2.dir/startup_stm32l476xx.s.obj

.debug_macro    0x00000000    0x25d53
 .debug_macro   0x00000000      0x1c5 CMakeFiles/4100901-Final_Project_2024_2.dir/Drivers/keypad/keypad.c.obj
 .debug_macro   0x000001c5      0xab4 CMakeFiles/4100901-Final_Project_2024_2.dir/Drivers/keypad/keypad.c.obj
 .debug_macro   0x00000c79       0x22 CMakeFiles/4100901-Final_Project_2024_2.dir/Drivers/keypad/keypad.c.obj
 .debug_macro   0x00000c9b       0x8e CMakeFiles/4100901-Final_Project_2024_2.dir/Drivers/keypad/keypad.c.obj
 .debug_macro   0x00000d29       0x51 CMakeFiles/4100901-Final_Project_2024_2.dir/Drivers/keypad/keypad.c.obj
 .debug_macro   0x00000d7a      0x103 CMakeFiles/4100901-Final_Project_2024_2.dir/Drivers/keypad/keypad.c.obj
 .debug_macro   0x00000e7d       0x6a CMakeFiles/4100901-Final_Project_2024_2.dir/Drivers/keypad/keypad.c.obj
 .debug_macro   0x00000ee7      0x1df CMakeFiles/4100901-Final_Project_2024_2.dir/Drivers/keypad/keypad.c.obj
 .debug_macro   0x000010c6      0x1a1 CMakeFiles/4100901-Final_Project_2024_2.dir/Drivers/keypad/keypad.c.obj
 .debug_macro   0x00001267       0x2e CMakeFiles/4100901-Final_Project_2024_2.dir/Drivers/keypad/keypad.c.obj
 .debug_macro   0x00001295       0x28 CMakeFiles/4100901-Final_Project_2024_2.dir/Drivers/keypad/keypad.c.obj
 .debug_macro   0x000012bd       0x1c CMakeFiles/4100901-Final_Project_2024_2.dir/Drivers/keypad/keypad.c.obj
 .debug_macro   0x000012d9       0x22 CMakeFiles/4100901-Final_Project_2024_2.dir/Drivers/keypad/keypad.c.obj
 .debug_macro   0x000012fb       0xfb CMakeFiles/4100901-Final_Project_2024_2.dir/Drivers/keypad/keypad.c.obj
 .debug_macro   0x000013f6     0x1011 CMakeFiles/4100901-Final_Project_2024_2.dir/Drivers/keypad/keypad.c.obj
 .debug_macro   0x00002407      0x11f CMakeFiles/4100901-Final_Project_2024_2.dir/Drivers/keypad/keypad.c.obj
 .debug_macro   0x00002526    0x1a17a CMakeFiles/4100901-Final_Project_2024_2.dir/Drivers/keypad/keypad.c.obj
 .debug_macro   0x0001c6a0       0x6d CMakeFiles/4100901-Final_Project_2024_2.dir/Drivers/keypad/keypad.c.obj
 .debug_macro   0x0001c70d     0x38fb CMakeFiles/4100901-Final_Project_2024_2.dir/Drivers/keypad/keypad.c.obj
 .debug_macro   0x00020008      0x189 CMakeFiles/4100901-Final_Project_2024_2.dir/Drivers/keypad/keypad.c.obj
 .debug_macro   0x00020191       0x5c CMakeFiles/4100901-Final_Project_2024_2.dir/Drivers/keypad/keypad.c.obj
 .debug_macro   0x000201ed     0x159e CMakeFiles/4100901-Final_Project_2024_2.dir/Drivers/keypad/keypad.c.obj
 .debug_macro   0x0002178b      0x5a5 CMakeFiles/4100901-Final_Project_2024_2.dir/Drivers/keypad/keypad.c.obj
 .debug_macro   0x00021d30      0x1b9 CMakeFiles/4100901-Final_Project_2024_2.dir/Drivers/keypad/keypad.c.obj
 .debug_macro   0x00021ee9      0x18b CMakeFiles/4100901-Final_Project_2024_2.dir/Drivers/keypad/keypad.c.obj
 .debug_macro   0x00022074      0x26b CMakeFiles/4100901-Final_Project_2024_2.dir/Drivers/keypad/keypad.c.obj
 .debug_macro   0x000222df      0x23d CMakeFiles/4100901-Final_Project_2024_2.dir/Drivers/keypad/keypad.c.obj
 .debug_macro   0x0002251c      0x241 CMakeFiles/4100901-Final_Project_2024_2.dir/Drivers/keypad/keypad.c.obj
 .debug_macro   0x0002275d      0x37c CMakeFiles/4100901-Final_Project_2024_2.dir/Drivers/keypad/keypad.c.obj
 .debug_macro   0x00022ad9       0xd6 CMakeFiles/4100901-Final_Project_2024_2.dir/Drivers/keypad/keypad.c.obj
 .debug_macro   0x00022baf      0x122 CMakeFiles/4100901-Final_Project_2024_2.dir/Drivers/keypad/keypad.c.obj
 .debug_macro   0x00022cd1      0x3ef CMakeFiles/4100901-Final_Project_2024_2.dir/Drivers/keypad/keypad.c.obj
 .debug_macro   0x000230c0      0x5cf CMakeFiles/4100901-Final_Project_2024_2.dir/Drivers/keypad/keypad.c.obj
 .debug_macro   0x0002368f       0x44 CMakeFiles/4100901-Final_Project_2024_2.dir/Drivers/keypad/keypad.c.obj
 .debug_macro   0x000236d3      0x330 CMakeFiles/4100901-Final_Project_2024_2.dir/Drivers/keypad/keypad.c.obj
 .debug_macro   0x00023a03       0xca CMakeFiles/4100901-Final_Project_2024_2.dir/Drivers/keypad/keypad.c.obj
 .debug_macro   0x00023acd      0x284 CMakeFiles/4100901-Final_Project_2024_2.dir/Core/Src/ring_buffer.c.obj
 .debug_macro   0x00023d51       0x74 CMakeFiles/4100901-Final_Project_2024_2.dir/Core/Src/ring_buffer.c.obj
 .debug_macro   0x00023dc5       0x2a CMakeFiles/4100901-Final_Project_2024_2.dir/Core/Src/ring_buffer.c.obj
 .debug_macro   0x00023def       0x3c CMakeFiles/4100901-Final_Project_2024_2.dir/Core/Src/ring_buffer.c.obj
 .debug_macro   0x00023e2b       0x34 CMakeFiles/4100901-Final_Project_2024_2.dir/Core/Src/ring_buffer.c.obj
 .debug_macro   0x00023e5f       0x16 CMakeFiles/4100901-Final_Project_2024_2.dir/Core/Src/ring_buffer.c.obj
 .debug_macro   0x00023e75       0x43 CMakeFiles/4100901-Final_Project_2024_2.dir/Core/Src/ring_buffer.c.obj
 .debug_macro   0x00023eb8       0x34 CMakeFiles/4100901-Final_Project_2024_2.dir/Core/Src/ring_buffer.c.obj
 .debug_macro   0x00023eec       0x10 CMakeFiles/4100901-Final_Project_2024_2.dir/Core/Src/ring_buffer.c.obj
 .debug_macro   0x00023efc       0x58 CMakeFiles/4100901-Final_Project_2024_2.dir/Core/Src/ring_buffer.c.obj
 .debug_macro   0x00023f54      0x1de CMakeFiles/4100901-Final_Project_2024_2.dir/Core/Src/ring_buffer.c.obj
 .debug_macro   0x00024132      0x369 CMakeFiles/4100901-Final_Project_2024_2.dir/Core/Src/ring_buffer.c.obj
 .debug_macro   0x0002449b       0x10 CMakeFiles/4100901-Final_Project_2024_2.dir/Core/Src/ring_buffer.c.obj
 .debug_macro   0x000244ab       0x35 CMakeFiles/4100901-Final_Project_2024_2.dir/Core/Src/ring_buffer.c.obj
 .debug_macro   0x000244e0       0x20 CMakeFiles/4100901-Final_Project_2024_2.dir/Core/Src/ring_buffer.c.obj
 .debug_macro   0x00024500       0x56 CMakeFiles/4100901-Final_Project_2024_2.dir/Core/Src/ring_buffer.c.obj
 .debug_macro   0x00024556      0x2a9 CMakeFiles/4100901-Final_Project_2024_2.dir/Core/Src/main.c.obj
 .debug_macro   0x000247ff      0x1c5 CMakeFiles/4100901-Final_Project_2024_2.dir/Core/Src/stm32l4xx_it.c.obj
 .debug_macro   0x000249c4      0x1bb CMakeFiles/4100901-Final_Project_2024_2.dir/Core/Src/stm32l4xx_hal_msp.c.obj
 .debug_macro   0x00024b7f      0x1d7 CMakeFiles/4100901-Final_Project_2024_2.dir/Drivers/STM32L4xx_HAL_Driver/Src/stm32l4xx_hal_uart.c.obj
 .debug_macro   0x00024d56      0x1ac CMakeFiles/4100901-Final_Project_2024_2.dir/Drivers/STM32L4xx_HAL_Driver/Src/stm32l4xx_hal_uart_ex.c.obj
 .debug_macro   0x00024f02      0x1fa CMakeFiles/4100901-Final_Project_2024_2.dir/Drivers/STM32L4xx_HAL_Driver/Src/stm32l4xx_hal.c.obj
 .debug_macro   0x000250fc      0x1ee CMakeFiles/4100901-Final_Project_2024_2.dir/Drivers/STM32L4xx_HAL_Driver/Src/stm32l4xx_hal_rcc.c.obj
 .debug_macro   0x000252ea      0x1e2 CMakeFiles/4100901-Final_Project_2024_2.dir/Drivers/STM32L4xx_HAL_Driver/Src/stm32l4xx_hal_rcc_ex.c.obj
 .debug_macro   0x000254cc      0x1b3 CMakeFiles/4100901-Final_Project_2024_2.dir/Drivers/STM32L4xx_HAL_Driver/Src/stm32l4xx_hal_gpio.c.obj
 .debug_macro   0x0002567f      0x1ac CMakeFiles/4100901-Final_Project_2024_2.dir/Drivers/STM32L4xx_HAL_Driver/Src/stm32l4xx_hal_dma.c.obj
 .debug_macro   0x0002582b      0x1d0 CMakeFiles/4100901-Final_Project_2024_2.dir/Drivers/STM32L4xx_HAL_Driver/Src/stm32l4xx_hal_pwr_ex.c.obj
 .debug_macro   0x000259fb      0x1ac CMakeFiles/4100901-Final_Project_2024_2.dir/Drivers/STM32L4xx_HAL_Driver/Src/stm32l4xx_hal_cortex.c.obj
 .debug_macro   0x00025ba7      0x1ac CMakeFiles/4100901-Final_Project_2024_2.dir/Core/Src/system_stm32l4xx.c.obj

.debug_line     0x00000000     0xd318
 .debug_line    0x00000000      0x981 CMakeFiles/4100901-Final_Project_2024_2.dir/Drivers/keypad/keypad.c.obj
 .debug_line    0x00000981      0x901 CMakeFiles/4100901-Final_Project_2024_2.dir/Core/Src/ring_buffer.c.obj
 .debug_line    0x00001282      0xa53 CMakeFiles/4100901-Final_Project_2024_2.dir/Core/Src/main.c.obj
 .debug_line    0x00001cd5      0x7f2 CMakeFiles/4100901-Final_Project_2024_2.dir/Core/Src/stm32l4xx_it.c.obj
 .debug_line    0x000024c7      0x746 CMakeFiles/4100901-Final_Project_2024_2.dir/Core/Src/stm32l4xx_hal_msp.c.obj
 .debug_line    0x00002c0d     0x31ec CMakeFiles/4100901-Final_Project_2024_2.dir/Drivers/STM32L4xx_HAL_Driver/Src/stm32l4xx_hal_uart.c.obj
 .debug_line    0x00005df9      0xbe0 CMakeFiles/4100901-Final_Project_2024_2.dir/Drivers/STM32L4xx_HAL_Driver/Src/stm32l4xx_hal_uart_ex.c.obj
 .debug_line    0x000069d9      0xadb CMakeFiles/4100901-Final_Project_2024_2.dir/Drivers/STM32L4xx_HAL_Driver/Src/stm32l4xx_hal.c.obj
 .debug_line    0x000074b4      0xf53 CMakeFiles/4100901-Final_Project_2024_2.dir/Drivers/STM32L4xx_HAL_Driver/Src/stm32l4xx_hal_rcc.c.obj
 .debug_line    0x00008407     0x14c5 CMakeFiles/4100901-Final_Project_2024_2.dir/Drivers/STM32L4xx_HAL_Driver/Src/stm32l4xx_hal_rcc_ex.c.obj
 .debug_line    0x000098cc      0xb66 CMakeFiles/4100901-Final_Project_2024_2.dir/Drivers/STM32L4xx_HAL_Driver/Src/stm32l4xx_hal_gpio.c.obj
 .debug_line    0x0000a432      0xcdf CMakeFiles/4100901-Final_Project_2024_2.dir/Drivers/STM32L4xx_HAL_Driver/Src/stm32l4xx_hal_dma.c.obj
 .debug_line    0x0000b111      0xccc CMakeFiles/4100901-Final_Project_2024_2.dir/Drivers/STM32L4xx_HAL_Driver/Src/stm32l4xx_hal_pwr_ex.c.obj
 .debug_line    0x0000bddd      0xca3 CMakeFiles/4100901-Final_Project_2024_2.dir/Drivers/STM32L4xx_HAL_Driver/Src/stm32l4xx_hal_cortex.c.obj
 .debug_line    0x0000ca80      0x77f CMakeFiles/4100901-Final_Project_2024_2.dir/Core/Src/system_stm32l4xx.c.obj
 .debug_line    0x0000d1ff       0x7a CMakeFiles/4100901-Final_Project_2024_2.dir/startup_stm32l476xx.s.obj
 .debug_line    0x0000d279       0x50 C:/ST/STM32CubeCLT_1.17.0/GNU-tools-for-STM32/bin/../lib/gcc/arm-none-eabi/12.3.1/../../../../arm-none-eabi/lib/thumb/v7e-m+fp/hard\libg_nano.a(libc_a-strcmp.o)
 .debug_line    0x0000d2c9       0x4f C:/ST/STM32CubeCLT_1.17.0/GNU-tools-for-STM32/bin/../lib/gcc/arm-none-eabi/12.3.1/../../../../arm-none-eabi/lib/thumb/v7e-m+fp/hard\libg_nano.a(libc_a-strlen.o)

.debug_str      0x00000000    0xe737a
 .debug_str     0x00000000    0xe0d34 CMakeFiles/4100901-Final_Project_2024_2.dir/Drivers/keypad/keypad.c.obj
                              0xe0fe0 (size before relaxing)
 .debug_str     0x000e0d34     0x2c6f CMakeFiles/4100901-Final_Project_2024_2.dir/Core/Src/ring_buffer.c.obj
                              0xe3b4d (size before relaxing)
 .debug_str     0x000e39a3      0xdda CMakeFiles/4100901-Final_Project_2024_2.dir/Core/Src/main.c.obj
                              0xe4aa7 (size before relaxing)
 .debug_str     0x000e477d      0x157 CMakeFiles/4100901-Final_Project_2024_2.dir/Core/Src/stm32l4xx_it.c.obj
                              0xe147b (size before relaxing)
 .debug_str     0x000e48d4      0x30f CMakeFiles/4100901-Final_Project_2024_2.dir/Core/Src/stm32l4xx_hal_msp.c.obj
                              0xe1d68 (size before relaxing)
 .debug_str     0x000e4be3      0x935 CMakeFiles/4100901-Final_Project_2024_2.dir/Drivers/STM32L4xx_HAL_Driver/Src/stm32l4xx_hal_uart.c.obj
                              0xe1b7a (size before relaxing)
 .debug_str     0x000e5518      0x227 CMakeFiles/4100901-Final_Project_2024_2.dir/Drivers/STM32L4xx_HAL_Driver/Src/stm32l4xx_hal_uart_ex.c.obj
                              0xe13a6 (size before relaxing)
 .debug_str     0x000e573f      0x6d2 CMakeFiles/4100901-Final_Project_2024_2.dir/Drivers/STM32L4xx_HAL_Driver/Src/stm32l4xx_hal.c.obj
                              0xe1a21 (size before relaxing)
 .debug_str     0x000e5e11      0x3ed CMakeFiles/4100901-Final_Project_2024_2.dir/Drivers/STM32L4xx_HAL_Driver/Src/stm32l4xx_hal_rcc.c.obj
                              0xe1468 (size before relaxing)
 .debug_str     0x000e61fe      0x42d CMakeFiles/4100901-Final_Project_2024_2.dir/Drivers/STM32L4xx_HAL_Driver/Src/stm32l4xx_hal_rcc_ex.c.obj
                              0xe15e1 (size before relaxing)
 .debug_str     0x000e662b       0xb9 CMakeFiles/4100901-Final_Project_2024_2.dir/Drivers/STM32L4xx_HAL_Driver/Src/stm32l4xx_hal_gpio.c.obj
                              0xe0f9b (size before relaxing)
 .debug_str     0x000e66e4      0x239 CMakeFiles/4100901-Final_Project_2024_2.dir/Drivers/STM32L4xx_HAL_Driver/Src/stm32l4xx_hal_dma.c.obj
                              0xe108c (size before relaxing)
 .debug_str     0x000e691d      0x4d8 CMakeFiles/4100901-Final_Project_2024_2.dir/Drivers/STM32L4xx_HAL_Driver/Src/stm32l4xx_hal_pwr_ex.c.obj
                              0xe137d (size before relaxing)
 .debug_str     0x000e6df5      0x37c CMakeFiles/4100901-Final_Project_2024_2.dir/Drivers/STM32L4xx_HAL_Driver/Src/stm32l4xx_hal_cortex.c.obj
                              0xe169b (size before relaxing)
 .debug_str     0x000e7171       0x67 CMakeFiles/4100901-Final_Project_2024_2.dir/Core/Src/system_stm32l4xx.c.obj
                              0xe0e22 (size before relaxing)
 .debug_str     0x000e71d8       0x5c CMakeFiles/4100901-Final_Project_2024_2.dir/startup_stm32l476xx.s.obj
                                 0x92 (size before relaxing)
 .debug_str     0x000e7234       0xdd C:/ST/STM32CubeCLT_1.17.0/GNU-tools-for-STM32/bin/../lib/gcc/arm-none-eabi/12.3.1/../../../../arm-none-eabi/lib/thumb/v7e-m+fp/hard\libg_nano.a(libc_a-strcmp.o)
                                 0xf2 (size before relaxing)
 .debug_str     0x000e7311       0x69 C:/ST/STM32CubeCLT_1.17.0/GNU-tools-for-STM32/bin/../lib/gcc/arm-none-eabi/12.3.1/../../../../arm-none-eabi/lib/thumb/v7e-m+fp/hard\libg_nano.a(libc_a-strlen.o)
                                 0xf3 (size before relaxing)

.debug_line_str
                0x00000000      0x166
 .debug_line_str
                0x00000000       0x76 CMakeFiles/4100901-Final_Project_2024_2.dir/startup_stm32l476xx.s.obj
 .debug_line_str
                0x00000076       0xdd C:/ST/STM32CubeCLT_1.17.0/GNU-tools-for-STM32/bin/../lib/gcc/arm-none-eabi/12.3.1/../../../../arm-none-eabi/lib/thumb/v7e-m+fp/hard\libg_nano.a(libc_a-strcmp.o)
 .debug_line_str
                0x00000153       0x13 C:/ST/STM32CubeCLT_1.17.0/GNU-tools-for-STM32/bin/../lib/gcc/arm-none-eabi/12.3.1/../../../../arm-none-eabi/lib/thumb/v7e-m+fp/hard\libg_nano.a(libc_a-strlen.o)
                                 0xde (size before relaxing)
